Archive member included because of file (symbol)

./../Platform/BSP/debug/libBSP_efm32_debug.a(BSP_USB.o)
                              /opt/XDK-Workbench/workspace/postRequest/debug/objects/source/RetargetStdio.o (RETARGET_WriteChar)
./../Platform/BSP/debug/libBSP_efm32_debug.a(BSP_Board.o)
                              /opt/XDK-Workbench/workspace/postRequest/debug/objects/source/SystemStartup.o (BSP_Board_OSTickInitialize)
./../Platform/BSP/debug/libBSP_efm32_debug.a(BSP_LED.o)
                              /opt/XDK-Workbench/workspace/postRequest/debug/objects/source/SystemStartup.o (BSP_LED_Connect)
./../Platform/BSP/debug/libBSP_efm32_debug.a(BSP_IrqHandler.o)
                              ./../Platform/BSP/debug/libBSP_efm32_debug.a(BSP_Board.o) (IrqHandler_SysTickDummyHandler)
./../Platform/BSP/debug/libBSP_efm32_debug.a(BSP_DMA.o)
                              ./../Platform/BSP/debug/libBSP_efm32_debug.a(BSP_Board.o) (BSP_DMA_Initialize)
./../Platform/BSP/debug/libBSP_efm32_debug.a(BSP_SDCard.o)
                              ./../Platform/BSP/debug/libBSP_efm32_debug.a(BSP_IrqHandler.o) (SDCard_SPIRxISR)
./../Platform/BSP/debug/libBSP_efm32_debug.a(BSP_SensorNode.o)
                              ./../Platform/BSP/debug/libBSP_efm32_debug.a(BSP_IrqHandler.o) (SensorNode_I2CISR)
./../Platform/BSP/debug/libBSP_efm32_debug.a(BSP_BT_EM9301.o)
                              ./../Platform/BSP/debug/libBSP_efm32_debug.a(BSP_IrqHandler.o) (BT_EM9301_UART_TxISR)
./../Platform/BSP/debug/libBSP_efm32_debug.a(BSP_WiFi_cc3100mod.o)
                              ./../Platform/BSP/debug/libBSP_efm32_debug.a(BSP_IrqHandler.o) (WiFi_CC3100MOD_SPIRxISR)
./../Libraries/FreeRTOS/debug/libFreeRTOS_efm32_debug.a(tasks.o)
                              /opt/XDK-Workbench/workspace/postRequest/debug/objects/Main.o (vTaskStartScheduler)
./../Libraries/FreeRTOS/debug/libFreeRTOS_efm32_debug.a(timers.o)
                              ./../Libraries/FreeRTOS/debug/libFreeRTOS_efm32_debug.a(tasks.o) (xTimerCreateTimerTask)
./../Libraries/FreeRTOS/debug/libFreeRTOS_efm32_debug.a(heap_4.o)
                              ./../Libraries/FreeRTOS/debug/libFreeRTOS_efm32_debug.a(tasks.o) (pvPortMalloc)
./../Libraries/FreeRTOS/debug/libFreeRTOS_efm32_debug.a(port.o)
                              ./../Libraries/FreeRTOS/debug/libFreeRTOS_efm32_debug.a(tasks.o) (pxPortInitialiseStack)
./../Libraries/FreeRTOS/debug/libFreeRTOS_efm32_debug.a(list.o)
                              ./../Libraries/FreeRTOS/debug/libFreeRTOS_efm32_debug.a(tasks.o) (vListInitialise)
./../Libraries/FreeRTOS/debug/libFreeRTOS_efm32_debug.a(queue.o)
                              ./../Libraries/FreeRTOS/debug/libFreeRTOS_efm32_debug.a(timers.o) (xQueueGenericCreate)
./../Libraries/EMlib/debug/libEMLib_efm32_debug.a(em_adc.o)
                              ./../Platform/BSP/debug/libBSP_efm32_debug.a(BSP_Board.o) (ADC_Init)
./../Libraries/EMlib/debug/libEMLib_efm32_debug.a(em_cmu.o)
                              ./../Platform/BSP/debug/libBSP_efm32_debug.a(BSP_Board.o) (CMU_ClockDivSet)
./../Libraries/EMlib/debug/libEMLib_efm32_debug.a(em_msc.o)
                              ./../Platform/BSP/debug/libBSP_efm32_debug.a(BSP_Board.o) (MSC_Init)
./../Libraries/EMlib/debug/libEMLib_efm32_debug.a(em_dma.o)
                              ./../Platform/BSP/debug/libBSP_efm32_debug.a(BSP_DMA.o) (DMA_Reset)
./../Libraries/EMlib/debug/libEMLib_efm32_debug.a(em_emu.o)
                              ./../Libraries/EMlib/debug/libEMLib_efm32_debug.a(em_cmu.o) (EMU_UpdateOscConfig)
./../Libraries/EMlib/debug/libEMLib_efm32_debug.a(em_gpio.o)
                              ./../Platform/BSP/debug/libBSP_efm32_debug.a(BSP_Board.o) (GPIO_DriveModeSet)
./../Libraries/EMlib/debug/libEMLib_efm32_debug.a(em_int.o)
                              /opt/XDK-Workbench/workspace/postRequest/debug/objects/./../Libraries/EMlib/3rd-party/EMLib/usb/src/em_usbdint.o (INT_LockCnt)
./../Libraries/EMlib/debug/libEMLib_efm32_debug.a(em_i2c.o)
                              ./../Platform/BSP/debug/libBSP_efm32_debug.a(BSP_SensorNode.o) (I2C_Enable)
./../Libraries/EMlib/debug/libEMLib_efm32_debug.a(em_usart.o)
                              ./../Platform/BSP/debug/libBSP_efm32_debug.a(BSP_Board.o) (USART_BaudrateSyncSet)
./../Libraries/EMlib/debug/libEMLib_efm32_debug.a(em_system.o)
                              ./../Platform/BSP/debug/libBSP_efm32_debug.a(BSP_Board.o) (SYSTEM_ChipRevisionGet)
./../Libraries/EMlib/debug/libEMLib_efm32_debug.a(em_usbd.o)
                              /opt/XDK-Workbench/workspace/postRequest/debug/objects/./../Libraries/EMlib/3rd-party/EMLib/usb/src/em_usbdint.o (dev)
./../Libraries/EMlib/debug/libEMLib_efm32_debug.a(em_usbhal.o)
                              ./../Libraries/EMlib/debug/libEMLib_efm32_debug.a(em_usbd.o) (USBDHAL_Connect)
./../Libraries/EMlib/debug/libEMLib_efm32_debug.a(em_usbdep.o)
[...]
Memory Configuration

Name             Origin             Length             Attributes
FLASH            0x00010000         0x000f0000         xr
RAM              0x20000000         0x00020000         xrw
*default*        0x00000000         0xffffffff

Linker script and memory map

LOAD /opt/XDK-Workbench/armGCC/bin/../lib/gcc/arm-none-eabi/4.7.4/armv7-m/crti.o
LOAD /opt/XDK-Workbench/armGCC/bin/../lib/gcc/arm-none-eabi/4.7.4/armv7-m/crtbegin.o
LOAD /opt/XDK-Workbench/armGCC/bin/../lib/gcc/arm-none-eabi/4.7.4/../../../../arm-none-eabi/lib/armv7-m/crt0.o
LOAD /opt/XDK-Workbench/workspace/postRequest/debug/objects/source/XdkVersion.o
LOAD /opt/XDK-Workbench/workspace/postRequest/debug/objects/source/SystemStartup.o
LOAD /opt/XDK-Workbench/workspace/postRequest/debug/objects/source/SensorHandle.o
LOAD /opt/XDK-Workbench/workspace/postRequest/debug/objects/source/UsbResetUtility.o
LOAD /opt/XDK-Workbench/workspace/postRequest/debug/objects/source/RetargetStdio.o
LOAD /opt/XDK-Workbench/workspace/postRequest/debug/objects/source/Assert.o
LOAD /opt/XDK-Workbench/workspace/postRequest/debug/objects/./../Libraries/EMlib/3rd-party/EMLib/usb/src/em_usbdint.o
LOAD /opt/XDK-Workbench/workspace/postRequest/debug/objects/Main.o
LOAD /opt/XDK-Workbench/workspace/postRequest/debug/objects/postRequest.o
LOAD /opt/XDK-Workbench/workspace/postRequest/debug/objects/startup_efm32gg.o
START GROUP
LOAD ./../Platform/SensorUtils/debug/libSensorUtils_efm32_debug.a
LOAD ./../Platform/Sensors/debug/libSensors_efm32_debug.a
LOAD ./../Platform/BSP/debug/libBSP_efm32_debug.a
LOAD ./../Libraries/FreeRTOS/debug/libFreeRTOS_efm32_debug.a
LOAD ./../Libraries/EMlib/debug/libEMLib_efm32_debug.a
LOAD ./../Libraries/BSTLib/debug/libBSTLib_efm32_debug.a
LOAD ./../Libraries/WiFi/debug/libWiFi_efm32_debug.a
LOAD ./../Libraries/FATfs/debug/libFATfs_efm32_debug.a
LOAD ./../Libraries/BLEStack/3rd-party/Alpwise/ALPW-BLESDKCM3/BLESW_CoreStack/Libraries/BLESW_CoreStack_CM3.a
LOAD ./../Libraries/BLEStack/3rd-party/Alpwise/ALPW-BLESDKCM3/BLESW_ALPWDataExchange/Libraries/BLESW_ALPWDEP_Server_CM3.a
LOAD ./../Libraries/BLEStack/3rd-party/Alpwise/ALPW-BLESDKCM3/BLESW_CoreStack/Libraries/BLESW_ALPWDES_CM3.a
LOAD ./../Libraries/BLEStack/3rd-party/Alpwise/ALPW-BLESDKCM3/BLESW_AlertNotification/Libraries/BLESW_ANP_Server_CM3.a
LOAD ./../Libraries/BLEStack/3rd-party/Alpwise/ALPW-BLESDKCM3/BLESW_CoreStack/Libraries/BLESW_ANS_CM3.a
LOAD ./../Libraries/BLEStack/3rd-party/Alpwise/ALPW-BLESDKCM3/BLESW_BloodPressure/Libraries/BLESW_BLP_Sensor_CM3.a
LOAD ./../Libraries/BLEStack/3rd-party/Alpwise/ALPW-BLESDKCM3/BLESW_CoreStack/Libraries/BLESW_BLS_CM3.a
LOAD ./../Libraries/BLEStack/3rd-party/Alpwise/ALPW-BLESDKCM3/BLESW_CyclingPower/Libraries/BLESW_CPP_Sensor_CM3.a
LOAD ./../Libraries/BLEStack/3rd-party/Alpwise/ALPW-BLESDKCM3/BLESW_CoreStack/Libraries/BLESW_CPS_CM3.a
LOAD ./../Libraries/BLEStack/3rd-party/Alpwise/ALPW-BLESDKCM3/BLESW_CyclingSpeedAndCadence/Libraries/BLESW_CSCP_Sensor_CM3.a
LOAD ./../Libraries/BLEStack/3rd-party/Alpwise/ALPW-BLESDKCM3/BLESW_CoreStack/Libraries/BLESW_CSCS_CM3.a
LOAD ./../Libraries/BLEStack/3rd-party/Alpwise/ALPW-BLESDKCM3/BLESW_Glucose/Libraries/BLESW_GLP_Sensor_CM3.a
LOAD ./../Libraries/BLEStack/3rd-party/Alpwise/ALPW-BLESDKCM3/BLESW_CoreStack/Libraries/BLESW_GLS_CM3.a
LOAD ./../Libraries/BLEStack/3rd-party/Alpwise/ALPW-BLESDKCM3/BLESW_HealthThermometer/Libraries/BLESW_HTP_Thermometer_CM3.a
LOAD ./../Libraries/BLEStack/3rd-party/Alpwise/ALPW-BLESDKCM3/BLESW_CoreStack/Libraries/BLESW_HTS_CM3.a
LOAD ./../Libraries/BLEStack/3rd-party/Alpwise/ALPW-BLESDKCM3/BLESW_HeartRate/Libraries/BLESW_HRP_Sensor_CM3.a
LOAD ./../Libraries/BLEStack/3rd-party/Alpwise/ALPW-BLESDKCM3/BLESW_CoreStack/Libraries/BLESW_HRS_CM3.a
LOAD ./../Libraries/BLEStack/3rd-party/Alpwise/ALPW-BLESDKCM3/BLESW_HumanInterfaceDevice/Libraries/BLESW_HID_Host_CM3.a
LOAD ./../Libraries/BLEStack/3rd-party/Alpwise/ALPW-BLESDKCM3/BLESW_CoreStack/Libraries/BLESW_HIDS_CM3.a
LOAD ./../Libraries/BLEStack/3rd-party/Alpwise/ALPW-BLESDKCM3/BLESW_LocationAndNavigation/Libraries/BLESW_LNP_Sensor_CM3.a
LOAD ./../Libraries/BLEStack/3rd-party/Alpwise/ALPW-BLESDKCM3/BLESW_CoreStack/Libraries/BLESW_LNS_CM3.a
LOAD ./../Libraries/BLEStack/3rd-party/Alpwise/ALPW-BLESDKCM3/BLESW_NetworkAvailability/Libraries/BLESW_NWAP_Reporter_CM3.a
LOAD ./../Libraries/BLEStack/3rd-party/Alpwise/ALPW-BLESDKCM3/BLESW_CoreStack/Libraries/BLESW_NWAS_CM3.a
LOAD ./../Libraries/BLEStack/3rd-party/Alpwise/ALPW-BLESDKCM3/BLESW_PhoneAlertStatus/Libraries/BLESW_PASP_Server_CM3.a
LOAD ./../Libraries/BLEStack/3rd-party/Alpwise/ALPW-BLESDKCM3/BLESW_CoreStack/Libraries/BLESW_PASS_CM3.a
LOAD ./../Libraries/BLEStack/3rd-party/Alpwise/ALPW-BLESDKCM3/BLESW_RunningSpeedAndCadence/Libraries/BLESW_RSCP_Sensor_CM3.a
LOAD ./../Libraries/BLEStack/3rd-party/Alpwise/ALPW-BLESDKCM3/BLESW_CoreStack/Libraries/BLESW_RSCS_CM3.a
LOAD ./../Libraries/EMlib/3rd-party/EMLib/CMSIS/Lib/GCC/libarm_cortexM3l_math.a
LOAD ./../Libraries/BSX/BSX4/Source/algo/algo_bsx/Lib/libalgobsxm3/libalgobsx.a
LOAD ./../Platform/Essentials/release/libEssentials_efm32.a
LOAD ./../Platform/Utils/release/libUtils_efm32.a
LOAD ./../Platform/Drivers/release/libDrivers_efm32.a
LOAD ./../Platform/FOTA/release/libFOTA_efm32.a
LOAD ./../Platform/Wlan/release/libWlan_efm32.a
LOAD ./../Platform/BLE/release/libBLE_efm32.a
LOAD ./../Libraries/Escrypt_CycurTLS/release/libEscrypt_CycurTLS_efm32.a
LOAD ./../Platform/ServalPAL_WiFi/release/libServalPalWifi_efm32.a
LOAD ./../Platform/SensorToolbox/release/libSensorToolbox_efm32.a
END GROUP
START GROUP
LOAD /opt/XDK-Workbench/armGCC/bin/../lib/gcc/arm-none-eabi/4.7.4/armv7-m/libgcc.a
LOAD /opt/XDK-Workbench/armGCC/bin/../lib/gcc/arm-none-eabi/4.7.4/../../../../arm-none-eabi/lib/armv7-m/libc.a
LOAD /opt/XDK-Workbench/armGCC/bin/../lib/gcc/arm-none-eabi/4.7.4/../../../../arm-none-eabi/lib/armv7-m/libm.a
END GROUP
START GROUP
LOAD /opt/XDK-Workbench/armGCC/bin/../lib/gcc/arm-none-eabi/4.7.4/armv7-m/libgcc.a
LOAD /opt/XDK-Workbench/armGCC/bin/../lib/gcc/arm-none-eabi/4.7.4/../../../../arm-none-eabi/lib/armv7-m/libc.a
END GROUP
LOAD /opt/XDK-Workbench/armGCC/bin/../lib/gcc/arm-none-eabi/4.7.4/armv7-m/crtend.o
LOAD /opt/XDK-Workbench/armGCC/bin/../lib/gcc/arm-none-eabi/4.7.4/armv7-m/crtn.o

.text           0x00010000    0x2905c
 *(.isr_vector)
 .isr_vector    0x00010000      0x100 /opt/XDK-Workbench/workspace/postRequest/debug/objects/startup_efm32gg.o
                0x00010000                __isr_vector
 *(.text*)
 .text          0x00010100       0x54 /opt/XDK-Workbench/armGCC/bin/../lib/gcc/arm-none-eabi/4.7.4/armv7-m/crtbegin.o
 .text          0x00010154       0x70 /opt/XDK-Workbench/armGCC/bin/../lib/gcc/arm-none-eabi/4.7.4/../../../../arm-none-eabi/lib/armv7-m/crt0.o
                0x00010154                _mainCRTStartup
                0x00010154                _start
                0x00010154                start
 .text.Retcode_GetPackage
                0x000101c4       0x1c /opt/XDK-Workbench/workspace/postRequest/debug/objects/source/SystemStartup.o
 .text.Retcode_GetModuleId
                0x000101e0       0x1c /opt/XDK-Workbench/workspace/postRequest/debug/objects/source/SystemStartup.o
 .text.Retcode_GetSeverity
                0x000101fc       0x24 /opt/XDK-Workbench/workspace/postRequest/debug/objects/source/SystemStartup.o
 .text.Retcode_GetCode
                0x00010220       0x20 /opt/XDK-Workbench/workspace/postRequest/debug/objects/source/SystemStartup.o
 .text.bleGetMacAddress
                0x00010240       0xec /opt/XDK-Workbench/workspace/postRequest/debug/objects/source/SystemStartup.o
 .text.SysTickPreCallback
                0x0001032c       0x14 /opt/XDK-Workbench/workspace/postRequest/debug/objects/source/SystemStartup.o
 .text.DefaultErrorHandlingFunc
                0x00010340       0xf4 /opt/XDK-Workbench/workspace/postRequest/debug/objects/source/SystemStartup.o
                0x00010340                DefaultErrorHandlingFunc
 .text.assertIndicationMapping
                0x00010434       0x44 /opt/XDK-Workbench/workspace/postRequest/debug/objects/source/SystemStartup.o
                0x00010434                assertIndicationMapping
 .text.systemStartup
                0x00010478      0x154 /opt/XDK-Workbench/workspace/postRequest/debug/objects/source/SystemStartup.o
                0x00010478                systemStartup
 .text.vApplicationStackOverflowHook
                0x000105cc       0x5c /opt/XDK-Workbench/workspace/postRequest/debug/objects/source/SystemStartup.o
                0x000105cc                vApplicationStackOverflowHook
 .text.vApplicationMallocFailedHook
                0x00010628       0x14 /opt/XDK-Workbench/workspace/postRequest/debug/objects/source/SystemStartup.o
                0x00010628                vApplicationMallocFailedHook
 .text.NVIC_SystemReset
                0x0001063c       0x30 /opt/XDK-Workbench/workspace/postRequest/debug/objects/source/UsbResetUtility.o
 .text.UsbResetUtility_SystemReset
                0x0001066c       0x10 /opt/XDK-Workbench/workspace/postRequest/debug/objects/source/UsbResetUtility.o
 .text.UsbResetUtility_InteruptHandling
                0x0001067c       0x54 /opt/XDK-Workbench/workspace/postRequest/debug/objects/source/UsbResetUtility.o
 .text.UsbResetUtility_Init
                0x000106d0       0x40 /opt/XDK-Workbench/workspace/postRequest/debug/objects/source/UsbResetUtility.o
                0x000106d0                UsbResetUtility_Init
 .text.UsbResetUtility_UsbISRCallback
                0x00010710      0x138 /opt/XDK-Workbench/workspace/postRequest/debug/objects/source/UsbResetUtility.o
                0x00010710                UsbResetUtility_UsbISRCallback
 .text._close   0x00010848       0x18 /opt/XDK-Workbench/workspace/postRequest/debug/objects/source/RetargetStdio.o
                0x00010848                _close
 .text._exit    0x00010860        0xc /opt/XDK-Workbench/workspace/postRequest/debug/objects/source/RetargetStdio.o
                0x00010860                _exit
 .text._fstat   0x0001086c       0x24 /opt/XDK-Workbench/workspace/postRequest/debug/objects/source/RetargetStdio.o
                0x0001086c                _fstat
 .text._isatty  0x00010890       0x18 /opt/XDK-Workbench/workspace/postRequest/debug/objects/source/RetargetStdio.o
                0x00010890                _isatty
 .text._lseek   0x000108a8       0x1c /opt/XDK-Workbench/workspace/postRequest/debug/objects/source/RetargetStdio.o
                0x000108a8                _lseek
 .text._read    0x000108c4       0x70 /opt/XDK-Workbench/workspace/postRequest/debug/objects/source/RetargetStdio.o
                0x000108c4                _read
 .text._sbrk    0x00010934       0xa0 /opt/XDK-Workbench/workspace/postRequest/debug/objects/source/RetargetStdio.o
                0x00010934                _sbrk
 .text._write   0x000109d4       0x20 /opt/XDK-Workbench/workspace/postRequest/debug/objects/source/RetargetStdio.o
                0x000109d4                _write
 .text.Assert_Initialize
                0x000109f4       0x40 /opt/XDK-Workbench/workspace/postRequest/debug/objects/source/Assert.o
                0x000109f4                Assert_Initialize
 .text.Assert_Dynamic
                0x00010a34       0x2c /opt/XDK-Workbench/workspace/postRequest/debug/objects/source/Assert.o
                0x00010a34                Assert_Dynamic
 .text.INT_Disable
                0x00010a60       0x40 /opt/XDK-Workbench/workspace/postRequest/debug/objects/./../Libraries/EMlib/3rd-party/EMLib/usb/src/em_usbdint.o
 .text.INT_Enable
                0x00010aa0       0x54 /opt/XDK-Workbench/workspace/postRequest/debug/objects/./../Libraries/EMlib/3rd-party/EMLib/usb/src/em_usbdint.o
 .text.USBHAL_FlushTxFifo
                0x00010af4       0x4c /opt/XDK-Workbench/workspace/postRequest/debug/objects/./../Libraries/EMlib/3rd-party/EMLib/usb/src/em_usbdint.o
 .text.USBHAL_GetCoreInts
                0x00010b40       0x40 /opt/XDK-Workbench/workspace/postRequest/debug/objects/./../Libraries/EMlib/3rd-party/EMLib/usb/src/em_usbdint.o
 .text.USBDHAL_EnableInts
                0x00010b80       0x70 /opt/XDK-Workbench/workspace/postRequest/debug/objects/./../Libraries/EMlib/3rd-party/EMLib/usb/src/em_usbdint.o
 .text.USBDHAL_Ep0Activate
                0x00010bf0       0x70 /opt/XDK-Workbench/workspace/postRequest/debug/objects/./../Libraries/EMlib/3rd-party/EMLib/usb/src/em_usbdint.o
 .text.USBDHAL_GetAllInEpInts
                0x00010c60       0x48 /opt/XDK-Workbench/workspace/postRequest/debug/objects/./../Libraries/EMlib/3rd-party/EMLib/usb/src/em_usbdint.o
 .text.USBDHAL_GetAllOutEpInts
                0x00010ca8       0x44 /opt/XDK-Workbench/workspace/postRequest/debug/objects/./../Libraries/EMlib/3rd-party/EMLib/usb/src/em_usbdint.o
 .text.USBDHAL_GetInEpInts
                0x00010cec       0x44 /opt/XDK-Workbench/workspace/postRequest/debug/objects/./../Libraries/EMlib/3rd-party/EMLib/usb/src/em_usbdint.o
 .text.USBDHAL_GetOutEpInts
                0x00010d30       0x44 /opt/XDK-Workbench/workspace/postRequest/debug/objects/./../Libraries/EMlib/3rd-party/EMLib/usb/src/em_usbdint.o
 .text.USBDHAL_StartEp0Setup
                0x00010d74       0x88 /opt/XDK-Workbench/workspace/postRequest/debug/objects/./../Libraries/EMlib/3rd-party/EMLib/usb/src/em_usbdint.o
 .text.USBD_GetEpFromAddr
                0x00010dfc       0xa0 /opt/XDK-Workbench/workspace/postRequest/debug/objects/./../Libraries/EMlib/3rd-party/EMLib/usb/src/em_usbdint.o
 .text.USB_IRQHandler
                0x00010e9c      0x16c /opt/XDK-Workbench/workspace/postRequest/debug/objects/./../Libraries/EMlib/3rd-party/EMLib/usb/src/em_usbdint.o
                0x00010e9c                USB_IRQHandler
 .text.Handle_USB_GINTSTS_ENUMDONE
                0x00011008       0x3c /opt/XDK-Workbench/workspace/postRequest/debug/objects/./../Libraries/EMlib/3rd-party/EMLib/usb/src/em_usbdint.o
 .text.Handle_USB_GINTSTS_IEPINT
                0x00011044      0x118 /opt/XDK-Workbench/workspace/postRequest/debug/objects/./../Libraries/EMlib/3rd-party/EMLib/usb/src/em_usbdint.o
 .text.Handle_USB_GINTSTS_OEPINT
                0x0001115c      0x230 /opt/XDK-Workbench/workspace/postRequest/debug/objects/./../Libraries/EMlib/3rd-party/EMLib/usb/src/em_usbdint.o
 .text.Handle_USB_GINTSTS_RESETDET
                0x0001138c       0x40 /opt/XDK-Workbench/workspace/postRequest/debug/objects/./../Libraries/EMlib/3rd-party/EMLib/usb/src/em_usbdint.o
 .text.Handle_USB_GINTSTS_SOF
                0x000113cc       0x64 /opt/XDK-Workbench/workspace/postRequest/debug/objects/./../Libraries/EMlib/3rd-party/EMLib/usb/src/em_usbdint.o
 .text.Handle_USB_GINTSTS_USBRST
                0x00011430      0x150 /opt/XDK-Workbench/workspace/postRequest/debug/objects/./../Libraries/EMlib/3rd-party/EMLib/usb/src/em_usbdint.o
 .text.Handle_USB_GINTSTS_USBSUSP
                0x00011580       0x68 /opt/XDK-Workbench/workspace/postRequest/debug/objects/./../Libraries/EMlib/3rd-party/EMLib/usb/src/em_usbdint.o
 .text.Handle_USB_GINTSTS_WKUPINT
                0x000115e8       0x30 /opt/XDK-Workbench/workspace/postRequest/debug/objects/./../Libraries/EMlib/3rd-party/EMLib/usb/src/em_usbdint.o
 .text.main     0x00011618       0xa8 /opt/XDK-Workbench/workspace/postRequest/debug/objects/Main.o
                0x00011618                main
 .text.Callable_assign
                0x000116c0       0x20 /opt/XDK-Workbench/workspace/postRequest/debug/objects/postRequest.o
 .text.Msg_prependPartFactory
                0x000116e0       0x20 /opt/XDK-Workbench/workspace/postRequest/debug/objects/postRequest.o
 .text.onHTTPRequestSent
                0x00011700       0x2c /opt/XDK-Workbench/workspace/postRequest/debug/objects/postRequest.o
 .text.onHTTPResponseReceived
                0x0001172c       0xf8 /opt/XDK-Workbench/workspace/postRequest/debug/objects/postRequest.o
 .text.wlanInit
                0x00011824       0x50 /opt/XDK-Workbench/workspace/postRequest/debug/objects/postRequest.o
                0x00011824                wlanInit
 .text.writeNextPartToBuffer
                0x00011874       0x80 /opt/XDK-Workbench/workspace/postRequest/debug/objects/postRequest.o
                0x00011874                writeNextPartToBuffer
 .text.postRequest
                0x000118f4       0xb8 /opt/XDK-Workbench/workspace/postRequest/debug/objects/postRequest.o
                0x000118f4                postRequest
 .text.timerTask
                0x000119ac       0x50 /opt/XDK-Workbench/workspace/postRequest/debug/objects/postRequest.o
                0x000119ac                timerTask
 .text.appInitSystem
                0x000119fc       0x3c /opt/XDK-Workbench/workspace/postRequest/debug/objects/postRequest.o
                0x000119fc                appInitSystem
 .text          0x00011a38       0x98 /opt/XDK-Workbench/workspace/postRequest/debug/objects/startup_efm32gg.o
                0x00011a38                Reset_Handler
                0x00011a6c                Default_Handler
                0x00011a6e                NMI_Handler
                0x00011a70                HardFault_Handler
                0x00011a72                MemManage_Handler
                0x00011a74                BusFault_Handler
                0x00011a76                UsageFault_Handler
                0x00011a7a                DebugMon_Handler
                0x00011a84                TIMER0_IRQHandler
                0x00011a8a                ACMP0_IRQHandler
                0x00011a8e                ADC0_IRQHandler
                0x00011a90                DAC0_IRQHandler
                0x00011a94                I2C1_IRQHandler
                0x00011a98                TIMER1_IRQHandler
                0x00011a9a                TIMER2_IRQHandler
                0x00011a9c                TIMER3_IRQHandler
                0x00011aa2                LESENSE_IRQHandler
                0x00011aa4                USART2_RX_IRQHandler
                0x00011aa6                USART2_TX_IRQHandler
                0x00011aac                UART1_RX_IRQHandler
                0x00011aae                UART1_TX_IRQHandler
                0x00011ab0                LEUART0_IRQHandler
                0x00011ab2                LEUART1_IRQHandler
                0x00011ab4                LETIMER0_IRQHandler
                0x00011ab6                PCNT0_IRQHandler
                0x00011ab8                PCNT1_IRQHandler
                0x00011aba                PCNT2_IRQHandler
                0x00011abe                BURTC_IRQHandler
                0x00011ac0                CMU_IRQHandler
                0x00011ac2                VCMP_IRQHandler
                0x00011ac4                LCD_IRQHandler
                0x00011ac6                MSC_IRQHandler
                0x00011ac8                AES_IRQHandler
                0x00011aca                EBI_IRQHandler
                0x00011acc                EMU_IRQHandler
 .text.USB_setSerialNumber
                0x00011ad0       0x7c ./../Platform/BSP/debug/libBSP_efm32_debug.a(BSP_USB.o)
 .text.USB_dataReceivedCallback
                0x00011b4c       0x98 ./../Platform/BSP/debug/libBSP_efm32_debug.a(BSP_USB.o)
 .text.USB_dataTransferred
                0x00011be4       0x4c ./../Platform/BSP/debug/libBSP_efm32_debug.a(BSP_USB.o)
 .text.USB_stateChange
                0x00011c30       0x58 ./../Platform/BSP/debug/libBSP_efm32_debug.a(BSP_USB.o)
                0x00011c30                USB_stateChange
 .text.USB_setupCommand
                0x00011c88      0x108 ./../Platform/BSP/debug/libBSP_efm32_debug.a(BSP_USB.o)
                0x00011c88                USB_setupCommand
 .text.USB_init
                0x00011d90       0xd0 ./../Platform/BSP/debug/libBSP_efm32_debug.a(BSP_USB.o)
                0x00011d90                USB_init
 .text.USB_receiveByte
                0x00011e60       0xa0 ./../Platform/BSP/debug/libBSP_efm32_debug.a(BSP_USB.o)
                0x00011e60                USB_receiveByte
 .text.RETARGET_WriteChar
                0x00011f00       0x2c ./../Platform/BSP/debug/libBSP_efm32_debug.a(BSP_USB.o)
                0x00011f00                RETARGET_WriteChar
 .text.USB_transmitData
                0x00011f2c       0xc4 ./../Platform/BSP/debug/libBSP_efm32_debug.a(BSP_USB.o)
                0x00011f2c                USB_transmitData
 .text.RETARGET_ReadChar
                0x00011ff0       0x24 ./../Platform/BSP/debug/libBSP_efm32_debug.a(BSP_USB.o)
                0x00011ff0                RETARGET_ReadChar
 .text.USB_callBackMapping
                0x00012014       0x38 ./../Platform/BSP/debug/libBSP_efm32_debug.a(BSP_USB.o)
                0x00012014                USB_callBackMapping
 .text.NVIC_SetPriorityGrouping
                0x0001204c       0x50 ./../Platform/BSP/debug/libBSP_efm32_debug.a(BSP_Board.o)
 .text.NVIC_EnableIRQ
                0x0001209c       0x38 ./../Platform/BSP/debug/libBSP_efm32_debug.a(BSP_Board.o)
 .text.NVIC_DisableIRQ
                0x000120d4       0x3c ./../Platform/BSP/debug/libBSP_efm32_debug.a(BSP_Board.o)
 .text.NVIC_ClearPendingIRQ
                0x00012110       0x3c ./../Platform/BSP/debug/libBSP_efm32_debug.a(BSP_Board.o)
 .text.NVIC_SetPriority
                0x0001214c       0x5c ./../Platform/BSP/debug/libBSP_efm32_debug.a(BSP_Board.o)
 .text.SysTick_Config
                0x000121a8       0x64 ./../Platform/BSP/debug/libBSP_efm32_debug.a(BSP_Board.o)
 .text.CHIP_Init
                0x0001220c       0x50 ./../Platform/BSP/debug/libBSP_efm32_debug.a(BSP_Board.o)
 .text.GPIO_PinOutClear
                0x0001225c       0x4c ./../Platform/BSP/debug/libBSP_efm32_debug.a(BSP_Board.o)
 .text.GPIO_PinOutSet
                0x000122a8       0x4c ./../Platform/BSP/debug/libBSP_efm32_debug.a(BSP_Board.o)
 .text.INT_Disable
                0x000122f4       0x40 ./../Platform/BSP/debug/libBSP_efm32_debug.a(BSP_Board.o)
 .text.INT_Enable
                0x00012334       0x54 ./../Platform/BSP/debug/libBSP_efm32_debug.a(BSP_Board.o)
 .text.BSP_Board_OSTickInitialize
                0x00012388       0x2c ./../Platform/BSP/debug/libBSP_efm32_debug.a(BSP_Board.o)
                0x00012388                BSP_Board_OSTickInitialize
 .text.BSP_Board_Initialize
                0x000123b4      0x150 ./../Platform/BSP/debug/libBSP_efm32_debug.a(BSP_Board.o)
                0x000123b4                BSP_Board_Initialize
 .text.BSP_Board_Delay
                0x00012504       0x30 ./../Platform/BSP/debug/libBSP_efm32_debug.a(BSP_Board.o)
                0x00012504                BSP_Board_Delay
 .text.BSP_Board_SetOStoBSPDelayFunc
                0x00012534       0x20 ./../Platform/BSP/debug/libBSP_efm32_debug.a(BSP_Board.o)
                0x00012534                BSP_Board_SetOStoBSPDelayFunc
 .text.Board_GPIOInterruptInit
                0x00012554       0x30 ./../Platform/BSP/debug/libBSP_efm32_debug.a(BSP_Board.o)
                0x00012554                Board_GPIOInterruptInit
 .text.Board_GPIOInterruptRegisterCallback
                0x00012584       0x38 ./../Platform/BSP/debug/libBSP_efm32_debug.a(BSP_Board.o)
                0x00012584                Board_GPIOInterruptRegisterCallback
 .text.Board_GPIOInterruptDispatch
                0x000125bc       0x64 ./../Platform/BSP/debug/libBSP_efm32_debug.a(BSP_Board.o)
                0x000125bc                Board_GPIOInterruptDispatch
 .text.Board_UART0_UART_Init
                0x00012620       0xcc ./../Platform/BSP/debug/libBSP_efm32_debug.a(BSP_Board.o)
                0x00012620                Board_UART0_UART_Init
 .text.Board_UART1_UART_Init
                0x000126ec       0xcc ./../Platform/BSP/debug/libBSP_efm32_debug.a(BSP_Board.o)
                0x000126ec                Board_UART1_UART_Init
 .text.Board_USART0_SPI_Init
                0x000127b8       0xa8 ./../Platform/BSP/debug/libBSP_efm32_debug.a(BSP_Board.o)
                0x000127b8                Board_USART0_SPI_Init
 .text.Board_USART1_SPI_Init
                0x00012860       0x8c ./../Platform/BSP/debug/libBSP_efm32_debug.a(BSP_Board.o)
                0x00012860                Board_USART1_SPI_Init
 .text.Board_GPIO_Init
                0x000128ec       0x6c ./../Platform/BSP/debug/libBSP_efm32_debug.a(BSP_Board.o)
                0x000128ec                Board_GPIO_Init
 .text.Board_WakeupPowerSupply2V5
                0x00012958       0x50 ./../Platform/BSP/debug/libBSP_efm32_debug.a(BSP_Board.o)
                0x00012958                Board_WakeupPowerSupply2V5
 .text.Board_SnoozePowerSupply2V5
                0x000129a8       0x4c ./../Platform/BSP/debug/libBSP_efm32_debug.a(BSP_Board.o)
                0x000129a8                Board_SnoozePowerSupply2V5
 .text.PowerSupply2V5UpdateRegister
                0x000129f4      0x268 ./../Platform/BSP/debug/libBSP_efm32_debug.a(BSP_Board.o)
                0x000129f4                PowerSupply2V5UpdateRegister
 .text.Board_ADC_Init
                0x00012c5c       0x78 ./../Platform/BSP/debug/libBSP_efm32_debug.a(BSP_Board.o)
                0x00012c5c                Board_ADC_Init
 .text.Board_I2C0_Init
                0x00012cd4       0x54 ./../Platform/BSP/debug/libBSP_efm32_debug.a(BSP_Board.o)
                0x00012cd4                Board_I2C0_Init
 .text.Board_I2C1_Init
                0x00012d28       0x54 ./../Platform/BSP/debug/libBSP_efm32_debug.a(BSP_Board.o)
                0x00012d28                Board_I2C1_Init
 .text.Board_USB_Init
                0x00012d7c       0x70 ./../Platform/BSP/debug/libBSP_efm32_debug.a(BSP_Board.o)
                0x00012d7c                Board_USB_Init
 .text.Board_IncTick
                0x00012dec       0x24 ./../Platform/BSP/debug/libBSP_efm32_debug.a(BSP_Board.o)
                0x00012dec                Board_IncTick
 .text.Board_GetTick
                0x00012e10       0x18 ./../Platform/BSP/debug/libBSP_efm32_debug.a(BSP_Board.o)
                0x00012e10                Board_GetTick
 .text.Board_Delay
                0x00012e28       0x30 ./../Platform/BSP/debug/libBSP_efm32_debug.a(BSP_Board.o)
                0x00012e28                Board_Delay
 .text.Board_RTC_Init
                0x00012e58       0xa0 ./../Platform/BSP/debug/libBSP_efm32_debug.a(BSP_Board.o)
                0x00012e58                Board_RTC_Init
 .text.Board_BURTC_Init
                0x00012ef8       0x28 ./../Platform/BSP/debug/libBSP_efm32_debug.a(BSP_Board.o)
                0x00012ef8                Board_BURTC_Init
 .text.BSP_Board_EnableSysTick
                0x00012f20       0x38 ./../Platform/BSP/debug/libBSP_efm32_debug.a(BSP_Board.o)
                0x00012f20                BSP_Board_EnableSysTick
 .text.GPIO_PinOutClear
                0x00012f58       0x4c ./../Platform/BSP/debug/libBSP_efm32_debug.a(BSP_LED.o)
 .text.GPIO_PinOutSet
                0x00012fa4       0x4c ./../Platform/BSP/debug/libBSP_efm32_debug.a(BSP_LED.o)
 .text.GPIO_PinOutToggle
                0x00012ff0       0x4c ./../Platform/BSP/debug/libBSP_efm32_debug.a(BSP_LED.o)
 .text.BSP_LED_Connect
                0x0001303c       0x48 ./../Platform/BSP/debug/libBSP_efm32_debug.a(BSP_LED.o)
                0x0001303c                BSP_LED_Connect
 .text.BSP_LED_EnableAll
                0x00013084       0x3c ./../Platform/BSP/debug/libBSP_efm32_debug.a(BSP_LED.o)
                0x00013084                BSP_LED_EnableAll
 .text.BSP_LED_Switch
                0x000130c0      0x15c ./../Platform/BSP/debug/libBSP_efm32_debug.a(BSP_LED.o)
                0x000130c0                BSP_LED_Switch
 .text.BSP_LED_SwitchAll
                0x0001321c       0xd0 ./../Platform/BSP/debug/libBSP_efm32_debug.a(BSP_LED.o)
                0x0001321c                BSP_LED_SwitchAll
 .text.GPIO_IntClear
                0x000132ec       0x20 ./../Platform/BSP/debug/libBSP_efm32_debug.a(BSP_IrqHandler.o)
 .text.GPIO_IntGetEnabled
                0x0001330c       0x30 ./../Platform/BSP/debug/libBSP_efm32_debug.a(BSP_IrqHandler.o)
 .text.SysTick_Handler
                0x0001333c       0x40 ./../Platform/BSP/debug/libBSP_efm32_debug.a(BSP_IrqHandler.o)
                0x0001333c                SysTick_Handler
 .text.GPIO_EVEN_IRQHandler
                0x0001337c       0x28 ./../Platform/BSP/debug/libBSP_efm32_debug.a(BSP_IrqHandler.o)
                0x0001337c                GPIO_EVEN_IRQHandler
 .text.GPIO_ODD_IRQHandler
                0x000133a4       0x28 ./../Platform/BSP/debug/libBSP_efm32_debug.a(BSP_IrqHandler.o)
                0x000133a4                GPIO_ODD_IRQHandler
 .text.UART0_TX_IRQHandler
                0x000133cc        0xc ./../Platform/BSP/debug/libBSP_efm32_debug.a(BSP_IrqHandler.o)
                0x000133cc                UART0_TX_IRQHandler
 .text.UART0_RX_IRQHandler
                0x000133d8        0xc ./../Platform/BSP/debug/libBSP_efm32_debug.a(BSP_IrqHandler.o)
                0x000133d8                UART0_RX_IRQHandler
 .text.USART0_TX_IRQHandler
                0x000133e4        0xc ./../Platform/BSP/debug/libBSP_efm32_debug.a(BSP_IrqHandler.o)
                0x000133e4                USART0_TX_IRQHandler
 .text.USART0_RX_IRQHandler
                0x000133f0        0xc ./../Platform/BSP/debug/libBSP_efm32_debug.a(BSP_IrqHandler.o)
                0x000133f0                USART0_RX_IRQHandler
 .text.I2C0_IRQHandler
                0x000133fc        0xc ./../Platform/BSP/debug/libBSP_efm32_debug.a(BSP_IrqHandler.o)
                0x000133fc                I2C0_IRQHandler
 .text.USART1_TX_IRQHandler
                0x00013408        0xc ./../Platform/BSP/debug/libBSP_efm32_debug.a(BSP_IrqHandler.o)
                0x00013408                USART1_TX_IRQHandler
 .text.USART1_RX_IRQHandler
                0x00013414        0xc ./../Platform/BSP/debug/libBSP_efm32_debug.a(BSP_IrqHandler.o)
                0x00013414                USART1_RX_IRQHandler
 .text.RTC_IRQHandler
                0x00013420        0xc ./../Platform/BSP/debug/libBSP_efm32_debug.a(BSP_IrqHandler.o)
                0x00013420                RTC_IRQHandler
 .text.IrqHandler_SysTickDummyHandler
                0x0001342c       0x10 ./../Platform/BSP/debug/libBSP_efm32_debug.a(BSP_IrqHandler.o)
                0x0001342c                IrqHandler_SysTickDummyHandler
 .text.NVIC_EnableIRQ
                0x0001343c       0x38 ./../Platform/BSP/debug/libBSP_efm32_debug.a(BSP_DMA.o)
 .text.NVIC_ClearPendingIRQ
                0x00013474       0x3c ./../Platform/BSP/debug/libBSP_efm32_debug.a(BSP_DMA.o)
 .text.NVIC_SetPriority
                0x000134b0       0x5c ./../Platform/BSP/debug/libBSP_efm32_debug.a(BSP_DMA.o)
 .text.BSP_DMA_Initialize
                0x0001350c       0x88 ./../Platform/BSP/debug/libBSP_efm32_debug.a(BSP_DMA.o)
                0x0001350c                BSP_DMA_Initialize
 .text.BSP_DMA_Enable
                0x00013594       0x54 ./../Platform/BSP/debug/libBSP_efm32_debug.a(BSP_DMA.o)
                0x00013594                BSP_DMA_Enable
 .text.SDCard_SPIRxISR
                0x000135e8       0x28 ./../Platform/BSP/debug/libBSP_efm32_debug.a(BSP_SDCard.o)
                0x000135e8                SDCard_SPIRxISR
 .text.SDCard_SPITxISR
                0x00013610       0x28 ./../Platform/BSP/debug/libBSP_efm32_debug.a(BSP_SDCard.o)
                0x00013610                SDCard_SPITxISR
 .text.SensorNode_I2CISR
                0x00013638       0x28 ./../Platform/BSP/debug/libBSP_efm32_debug.a(BSP_SensorNode.o)
                0x00013638                SensorNode_I2CISR
 .text.BT_EM9301_UART_TxISR
                0x00013660       0x28 ./../Platform/BSP/debug/libBSP_efm32_debug.a(BSP_BT_EM9301.o)
                0x00013660                BT_EM9301_UART_TxISR
 .text.BT_EM9301_UART_RxISR
                0x00013688       0x28 ./../Platform/BSP/debug/libBSP_efm32_debug.a(BSP_BT_EM9301.o)
                0x00013688                BT_EM9301_UART_RxISR
 .text.NVIC_EnableIRQ
                0x000136b0       0x38 ./../Platform/BSP/debug/libBSP_efm32_debug.a(BSP_WiFi_cc3100mod.o)
 .text.NVIC_DisableIRQ
                0x000136e8       0x3c ./../Platform/BSP/debug/libBSP_efm32_debug.a(BSP_WiFi_cc3100mod.o)
 .text.NVIC_ClearPendingIRQ
                0x00013724       0x3c ./../Platform/BSP/debug/libBSP_efm32_debug.a(BSP_WiFi_cc3100mod.o)
 .text.NVIC_SetPriority
                0x00013760       0x5c ./../Platform/BSP/debug/libBSP_efm32_debug.a(BSP_WiFi_cc3100mod.o)
 .text.GPIO_IntClear
                0x000137bc       0x20 ./../Platform/BSP/debug/libBSP_efm32_debug.a(BSP_WiFi_cc3100mod.o)
 .text.GPIO_IntDisable
                0x000137dc       0x34 ./../Platform/BSP/debug/libBSP_efm32_debug.a(BSP_WiFi_cc3100mod.o)
 .text.GPIO_IntEnable
                0x00013810       0x30 ./../Platform/BSP/debug/libBSP_efm32_debug.a(BSP_WiFi_cc3100mod.o)
 .text.GPIO_PinOutClear
                0x00013840       0x4c ./../Platform/BSP/debug/libBSP_efm32_debug.a(BSP_WiFi_cc3100mod.o)
 .text.GPIO_PinOutSet
                0x0001388c       0x4c ./../Platform/BSP/debug/libBSP_efm32_debug.a(BSP_WiFi_cc3100mod.o)
 .text.Board_GPIOInterruptUnregisterCallback
                0x000138d8       0x20 ./../Platform/BSP/debug/libBSP_efm32_debug.a(BSP_WiFi_cc3100mod.o)
 .text.BSP_WiFi_CC3100MOD_Connect
                0x000138f8      0x1e8 ./../Platform/BSP/debug/libBSP_efm32_debug.a(BSP_WiFi_cc3100mod.o)
                0x000138f8                BSP_WiFi_CC3100MOD_Connect
 .text.BSP_WiFi_CC3100MOD_Enable
                0x00013ae0      0x1a4 ./../Platform/BSP/debug/libBSP_efm32_debug.a(BSP_WiFi_cc3100mod.o)
                0x00013ae0                BSP_WiFi_CC3100MOD_Enable
 .text.BSP_WiFi_CC3100MOD_Disable
                0x00013c84       0xb0 ./../Platform/BSP/debug/libBSP_efm32_debug.a(BSP_WiFi_cc3100mod.o)
                0x00013c84                BSP_WiFi_CC3100MOD_Disable
 .text.BSP_WiFi_CC3100MOD_GetSPIHandle
                0x00013d34       0x14 ./../Platform/BSP/debug/libBSP_efm32_debug.a(BSP_WiFi_cc3100mod.o)
                0x00013d34                BSP_WiFi_CC3100MOD_GetSPIHandle
 .text.BSP_WiFi_CC3100MOD_SetCSLow
                0x00013d48       0x18 ./../Platform/BSP/debug/libBSP_efm32_debug.a(BSP_WiFi_cc3100mod.o)
                0x00013d48                BSP_WiFi_CC3100MOD_SetCSLow
 .text.BSP_WiFi_CC3100MOD_SetCSHigh
                0x00013d60       0x18 ./../Platform/BSP/debug/libBSP_efm32_debug.a(BSP_WiFi_cc3100mod.o)
                0x00013d60                BSP_WiFi_CC3100MOD_SetCSHigh
 .text.WiFi_CC3100MOD_SPIRxISR
                0x00013d78       0x28 ./../Platform/BSP/debug/libBSP_efm32_debug.a(BSP_WiFi_cc3100mod.o)
                0x00013d78                WiFi_CC3100MOD_SPIRxISR
 .text.WiFi_CC3100MOD_SPITxISR
                0x00013da0       0x28 ./../Platform/BSP/debug/libBSP_efm32_debug.a(BSP_WiFi_cc3100mod.o)
                0x00013da0                WiFi_CC3100MOD_SPITxISR
 .text.WiFi_CC3100MOD_SPI_RxDMAComplete
                0x00013dc8       0x38 ./../Platform/BSP/debug/libBSP_efm32_debug.a(BSP_WiFi_cc3100mod.o)
                0x00013dc8                WiFi_CC3100MOD_SPI_RxDMAComplete
 .text.WiFi_CC3100MOD_SPI_TxDMAComplete
                0x00013e00       0x38 ./../Platform/BSP/debug/libBSP_efm32_debug.a(BSP_WiFi_cc3100mod.o)
                0x00013e00                WiFi_CC3100MOD_SPI_TxDMAComplete
 .text.WiFi_INT_InterruptCallback
                0x00013e38       0x14 ./../Platform/BSP/debug/libBSP_efm32_debug.a(BSP_WiFi_cc3100mod.o)
 .text.xTaskGenericCreate
                0x00013e4c      0x1d0 ./../Libraries/FreeRTOS/debug/libFreeRTOS_efm32_debug.a(tasks.o)
                0x00013e4c                xTaskGenericCreate
 .text.vTaskDelay
                0x0001401c       0xac ./../Libraries/FreeRTOS/debug/libFreeRTOS_efm32_debug.a(tasks.o)
                0x0001401c                vTaskDelay
 .text.vTaskStartScheduler
                0x000140c8       0xa0 ./../Libraries/FreeRTOS/debug/libFreeRTOS_efm32_debug.a(tasks.o)
                0x000140c8                vTaskStartScheduler
 .text.vTaskSuspendAll
                0x00014168       0x24 ./../Libraries/FreeRTOS/debug/libFreeRTOS_efm32_debug.a(tasks.o)
                0x00014168                vTaskSuspendAll
 .text.xTaskResumeAll
                0x0001418c      0x180 ./../Libraries/FreeRTOS/debug/libFreeRTOS_efm32_debug.a(tasks.o)
                0x0001418c                xTaskResumeAll
 .text.xTaskGetTickCount
                0x0001430c       0x20 ./../Libraries/FreeRTOS/debug/libFreeRTOS_efm32_debug.a(tasks.o)
                0x0001430c                xTaskGetTickCount
 .text.xTaskIncrementTick
                0x0001432c      0x20c ./../Libraries/FreeRTOS/debug/libFreeRTOS_efm32_debug.a(tasks.o)
                0x0001432c                xTaskIncrementTick
 .text.vTaskSwitchContext
                0x00014538      0x150 ./../Libraries/FreeRTOS/debug/libFreeRTOS_efm32_debug.a(tasks.o)
                0x00014538                vTaskSwitchContext
 .text.vTaskPlaceOnEventList
                0x00014688       0xc4 ./../Libraries/FreeRTOS/debug/libFreeRTOS_efm32_debug.a(tasks.o)
                0x00014688                vTaskPlaceOnEventList
 .text.vTaskPlaceOnEventListRestricted
                0x0001474c       0xc4 ./../Libraries/FreeRTOS/debug/libFreeRTOS_efm32_debug.a(tasks.o)
                0x0001474c                vTaskPlaceOnEventListRestricted
 .text.xTaskRemoveFromEventList
                0x00014810       0xe8 ./../Libraries/FreeRTOS/debug/libFreeRTOS_efm32_debug.a(tasks.o)
                0x00014810                xTaskRemoveFromEventList
 .text.vTaskSetTimeOutState
                0x000148f8       0x44 ./../Libraries/FreeRTOS/debug/libFreeRTOS_efm32_debug.a(tasks.o)
                0x000148f8                vTaskSetTimeOutState
 .text.xTaskCheckForTimeOut
                0x0001493c       0xc4 ./../Libraries/FreeRTOS/debug/libFreeRTOS_efm32_debug.a(tasks.o)
                0x0001493c                xTaskCheckForTimeOut
 .text.vTaskMissedYield
                0x00014a00       0x18 ./../Libraries/FreeRTOS/debug/libFreeRTOS_efm32_debug.a(tasks.o)
                0x00014a00                vTaskMissedYield
 .text.prvIdleTask
                0x00014a18       0x10 ./../Libraries/FreeRTOS/debug/libFreeRTOS_efm32_debug.a(tasks.o)
 .text.prvInitialiseTCBVariables
                0x00014a28       0xbc ./../Libraries/FreeRTOS/debug/libFreeRTOS_efm32_debug.a(tasks.o)
 .text.prvInitialiseTaskLists
                0x00014ae4       0xa4 ./../Libraries/FreeRTOS/debug/libFreeRTOS_efm32_debug.a(tasks.o)
 .text.prvCheckTasksWaitingTermination
                0x00014b88       0x9c ./../Libraries/FreeRTOS/debug/libFreeRTOS_efm32_debug.a(tasks.o)
 .text.prvAddCurrentTaskToDelayedList
                0x00014c24       0x8c ./../Libraries/FreeRTOS/debug/libFreeRTOS_efm32_debug.a(tasks.o)
 .text.prvAllocateTCBAndStack
                0x00014cb0       0x7c ./../Libraries/FreeRTOS/debug/libFreeRTOS_efm32_debug.a(tasks.o)
 .text.prvDeleteTCB
                0x00014d2c       0x20 ./../Libraries/FreeRTOS/debug/libFreeRTOS_efm32_debug.a(tasks.o)
 .text.prvResetNextTaskUnblockTime
                0x00014d4c       0x5c ./../Libraries/FreeRTOS/debug/libFreeRTOS_efm32_debug.a(tasks.o)
 .text.xTaskGetCurrentTaskHandle
                0x00014da8       0x20 ./../Libraries/FreeRTOS/debug/libFreeRTOS_efm32_debug.a(tasks.o)
                0x00014da8                xTaskGetCurrentTaskHandle
 .text.xTaskGetSchedulerState
                0x00014dc8       0x48 ./../Libraries/FreeRTOS/debug/libFreeRTOS_efm32_debug.a(tasks.o)
                0x00014dc8                xTaskGetSchedulerState
 .text.vTaskPriorityInherit
                0x00014e10      0x144 ./../Libraries/FreeRTOS/debug/libFreeRTOS_efm32_debug.a(tasks.o)
                0x00014e10                vTaskPriorityInherit
 .text.xTaskPriorityDisinherit
                0x00014f54      0x13c ./../Libraries/FreeRTOS/debug/libFreeRTOS_efm32_debug.a(tasks.o)
                0x00014f54                xTaskPriorityDisinherit
 .text.pvTaskIncrementMutexHeldCount
                0x00015090       0x38 ./../Libraries/FreeRTOS/debug/libFreeRTOS_efm32_debug.a(tasks.o)
                0x00015090                pvTaskIncrementMutexHeldCount
 .text.xTimerCreateTimerTask
                0x000150c8       0x78 ./../Libraries/FreeRTOS/debug/libFreeRTOS_efm32_debug.a(timers.o)
                0x000150c8                xTimerCreateTimerTask
 .text.xTimerCreate
                0x00015140       0x7c ./../Libraries/FreeRTOS/debug/libFreeRTOS_efm32_debug.a(timers.o)
                0x00015140                xTimerCreate
 .text.xTimerGenericCommand
                0x000151bc       0xac ./../Libraries/FreeRTOS/debug/libFreeRTOS_efm32_debug.a(timers.o)
                0x000151bc                xTimerGenericCommand
 .text.prvProcessExpiredTimer
                0x00015268       0x88 ./../Libraries/FreeRTOS/debug/libFreeRTOS_efm32_debug.a(timers.o)
 .text.prvTimerTask
                0x000152f0       0x24 ./../Libraries/FreeRTOS/debug/libFreeRTOS_efm32_debug.a(timers.o)
 .text.prvProcessTimerOrBlockTask
                0x00015314       0x78 ./../Libraries/FreeRTOS/debug/libFreeRTOS_efm32_debug.a(timers.o)
 .text.prvGetNextExpireTime
                0x0001538c       0x54 ./../Libraries/FreeRTOS/debug/libFreeRTOS_efm32_debug.a(timers.o)
 .text.prvSampleTimeNow
                0x000153e0       0x4c ./../Libraries/FreeRTOS/debug/libFreeRTOS_efm32_debug.a(timers.o)
 .text.prvInsertTimerInActiveList
                0x0001542c       0x94 ./../Libraries/FreeRTOS/debug/libFreeRTOS_efm32_debug.a(timers.o)
 .text.prvProcessReceivedCommands
                0x000154c0      0x174 ./../Libraries/FreeRTOS/debug/libFreeRTOS_efm32_debug.a(timers.o)
 .text.prvSwitchTimerLists
                0x00015634       0xf0 ./../Libraries/FreeRTOS/debug/libFreeRTOS_efm32_debug.a(timers.o)
 .text.prvCheckForValidListAndQueue
                0x00015724       0xb8 ./../Libraries/FreeRTOS/debug/libFreeRTOS_efm32_debug.a(timers.o)
 .text.xTimerIsTimerActive
                0x000157dc       0x30 ./../Libraries/FreeRTOS/debug/libFreeRTOS_efm32_debug.a(timers.o)
                0x000157dc                xTimerIsTimerActive
 .text.pvTimerGetTimerID
                0x0001580c       0x3c ./../Libraries/FreeRTOS/debug/libFreeRTOS_efm32_debug.a(timers.o)
                0x0001580c                pvTimerGetTimerID
 .text.xTimerPendFunctionCallFromISR
                0x00015848       0x4c ./../Libraries/FreeRTOS/debug/libFreeRTOS_efm32_debug.a(timers.o)
                0x00015848                xTimerPendFunctionCallFromISR
 .text.pvPortMalloc
                0x00015894      0x1e0 ./../Libraries/FreeRTOS/debug/libFreeRTOS_efm32_debug.a(heap_4.o)
                0x00015894                pvPortMalloc
 .text.vPortFree
                0x00015a74       0xcc ./../Libraries/FreeRTOS/debug/libFreeRTOS_efm32_debug.a(heap_4.o)
                0x00015a74                vPortFree
 .text.prvHeapInit
                0x00015b40       0xfc ./../Libraries/FreeRTOS/debug/libFreeRTOS_efm32_debug.a(heap_4.o)
 .text.prvInsertBlockIntoFreeList
                0x00015c3c       0xbc ./../Libraries/FreeRTOS/debug/libFreeRTOS_efm32_debug.a(heap_4.o)
 .text.pxPortInitialiseStack
                0x00015cf8       0x64 ./../Libraries/FreeRTOS/debug/libFreeRTOS_efm32_debug.a(port.o)
                0x00015cf8                pxPortInitialiseStack
 .text.prvTaskExitError
                0x00015d5c       0x2c ./../Libraries/FreeRTOS/debug/libFreeRTOS_efm32_debug.a(port.o)
 .text.SVC_Handler
                0x00015d88       0x24 ./../Libraries/FreeRTOS/debug/libFreeRTOS_efm32_debug.a(port.o)
                0x00015d88                SVC_Handler
 .text.prvPortStartFirstTask
                0x00015dac       0x20 ./../Libraries/FreeRTOS/debug/libFreeRTOS_efm32_debug.a(port.o)
 .text.xPortStartScheduler
                0x00015dcc      0x10c ./../Libraries/FreeRTOS/debug/libFreeRTOS_efm32_debug.a(port.o)
                0x00015dcc                xPortStartScheduler
 .text.vPortYield
                0x00015ed8       0x20 ./../Libraries/FreeRTOS/debug/libFreeRTOS_efm32_debug.a(port.o)
                0x00015ed8                vPortYield
 .text.vPortEnterCritical
                0x00015ef8       0x58 ./../Libraries/FreeRTOS/debug/libFreeRTOS_efm32_debug.a(port.o)
                0x00015ef8                vPortEnterCritical
 .text.vPortExitCritical
                0x00015f50       0x54 ./../Libraries/FreeRTOS/debug/libFreeRTOS_efm32_debug.a(port.o)
                0x00015f50                vPortExitCritical
 .text.ulPortSetInterruptMask
                0x00015fa4       0x14 ./../Libraries/FreeRTOS/debug/libFreeRTOS_efm32_debug.a(port.o)
                0x00015fa4                ulPortSetInterruptMask
 .text.vPortClearInterruptMask
                0x00015fb8        0x8 ./../Libraries/FreeRTOS/debug/libFreeRTOS_efm32_debug.a(port.o)
                0x00015fb8                vPortClearInterruptMask
 .text.PendSV_Handler
                0x00015fc0       0x44 ./../Libraries/FreeRTOS/debug/libFreeRTOS_efm32_debug.a(port.o)
                0x00015fc0                PendSV_Handler
 .text.xPortSysTickHandler
                0x00016004       0x2c ./../Libraries/FreeRTOS/debug/libFreeRTOS_efm32_debug.a(port.o)
                0x00016004                xPortSysTickHandler
 .text.vPortSetupTimerInterrupt
                0x00016030       0x28 ./../Libraries/FreeRTOS/debug/libFreeRTOS_efm32_debug.a(port.o)
                0x00016030                vPortSetupTimerInterrupt
 .text.vPortValidateInterruptPriority
                0x00016058       0x78 ./../Libraries/FreeRTOS/debug/libFreeRTOS_efm32_debug.a(port.o)
                0x00016058                vPortValidateInterruptPriority
 .text.vListInitialise
                0x000160d0       0x40 ./../Libraries/FreeRTOS/debug/libFreeRTOS_efm32_debug.a(list.o)
                0x000160d0                vListInitialise
 .text.vListInitialiseItem
                0x00016110       0x1c ./../Libraries/FreeRTOS/debug/libFreeRTOS_efm32_debug.a(list.o)
                0x00016110                vListInitialiseItem
 .text.vListInsertEnd
                0x0001612c       0x48 ./../Libraries/FreeRTOS/debug/libFreeRTOS_efm32_debug.a(list.o)
                0x0001612c                vListInsertEnd
 .text.vListInsert
                0x00016174       0x74 ./../Libraries/FreeRTOS/debug/libFreeRTOS_efm32_debug.a(list.o)
                0x00016174                vListInsert
 .text.uxListRemove
                0x000161e8       0x58 ./../Libraries/FreeRTOS/debug/libFreeRTOS_efm32_debug.a(list.o)
                0x000161e8                uxListRemove
 .text.xQueueGenericReset
                0x00016240       0xc8 ./../Libraries/FreeRTOS/debug/libFreeRTOS_efm32_debug.a(queue.o)
                0x00016240                xQueueGenericReset
 .text.xQueueGenericCreate
                0x00016308       0xb8 ./../Libraries/FreeRTOS/debug/libFreeRTOS_efm32_debug.a(queue.o)
                0x00016308                xQueueGenericCreate
 .text.xQueueCreateMutex
                0x000163c0       0xb8 ./../Libraries/FreeRTOS/debug/libFreeRTOS_efm32_debug.a(queue.o)
                0x000163c0                xQueueCreateMutex
 .text.xQueueGenericSend
                0x00016478      0x1c8 ./../Libraries/FreeRTOS/debug/libFreeRTOS_efm32_debug.a(queue.o)
                0x00016478                xQueueGenericSend
 .text.xQueueGenericSendFromISR
                0x00016640      0x110 ./../Libraries/FreeRTOS/debug/libFreeRTOS_efm32_debug.a(queue.o)
                0x00016640                xQueueGenericSendFromISR
 .text.xQueueGiveFromISR
                0x00016750      0x108 ./../Libraries/FreeRTOS/debug/libFreeRTOS_efm32_debug.a(queue.o)
                0x00016750                xQueueGiveFromISR
 .text.xQueueGenericReceive
                0x00016858      0x1e0 ./../Libraries/FreeRTOS/debug/libFreeRTOS_efm32_debug.a(queue.o)
                0x00016858                xQueueGenericReceive
 .text.vQueueDelete
                0x00016a38       0x38 ./../Libraries/FreeRTOS/debug/libFreeRTOS_efm32_debug.a(queue.o)
                0x00016a38                vQueueDelete
 .text.prvCopyDataToQueue
                0x00016a70       0xe8 ./../Libraries/FreeRTOS/debug/libFreeRTOS_efm32_debug.a(queue.o)
 .text.prvCopyDataFromQueue
                0x00016b58       0x50 ./../Libraries/FreeRTOS/debug/libFreeRTOS_efm32_debug.a(queue.o)
 .text.prvUnlockQueue
                0x00016ba8       0xc0 ./../Libraries/FreeRTOS/debug/libFreeRTOS_efm32_debug.a(queue.o)
 .text.prvIsQueueEmpty
                0x00016c68       0x34 ./../Libraries/FreeRTOS/debug/libFreeRTOS_efm32_debug.a(queue.o)
 .text.prvIsQueueFull
                0x00016c9c       0x38 ./../Libraries/FreeRTOS/debug/libFreeRTOS_efm32_debug.a(queue.o)
 .text.vQueueAddToRegistry
                0x00016cd4       0x64 ./../Libraries/FreeRTOS/debug/libFreeRTOS_efm32_debug.a(queue.o)
                0x00016cd4                vQueueAddToRegistry
 .text.vQueueUnregisterQueue
                0x00016d38       0x54 ./../Libraries/FreeRTOS/debug/libFreeRTOS_efm32_debug.a(queue.o)
                0x00016d38                vQueueUnregisterQueue
 .text.vQueueWaitForMessageRestricted
                0x00016d8c       0x64 ./../Libraries/FreeRTOS/debug/libFreeRTOS_efm32_debug.a(queue.o)
                0x00016d8c                vQueueWaitForMessageRestricted
 .text.prvNotifyQueueSetContainer
                0x00016df0       0xa8 ./../Libraries/FreeRTOS/debug/libFreeRTOS_efm32_debug.a(queue.o)
 .text.ADC_Init
                0x00016e98       0x68 ./../Libraries/EMlib/debug/libEMLib_efm32_debug.a(em_adc.o)
                0x00016e98                ADC_Init
 .text.ADC_PrescaleCalc
                0x00016f00       0x78 ./../Libraries/EMlib/debug/libEMLib_efm32_debug.a(em_adc.o)
                0x00016f00                ADC_PrescaleCalc
 .text.ADC_TimebaseCalc
                0x00016f78       0x74 ./../Libraries/EMlib/debug/libEMLib_efm32_debug.a(em_adc.o)
                0x00016f78                ADC_TimebaseCalc
 .text.BITBAND_Peripheral
                0x00016fec       0x30 ./../Libraries/EMlib/debug/libEMLib_efm32_debug.a(em_cmu.o)
 .text.CMU_MaxFreqHfle
                0x0001701c       0xb8 ./../Libraries/EMlib/debug/libEMLib_efm32_debug.a(em_cmu.o)
 .text.CMU_FlashWaitStateMax
                0x000170d4       0x68 ./../Libraries/EMlib/debug/libEMLib_efm32_debug.a(em_cmu.o)
 .text.CMU_DivToLog2
                0x0001713c       0x38 ./../Libraries/EMlib/debug/libEMLib_efm32_debug.a(em_cmu.o)
 .text.CMU_FlashWaitStateControl
                0x00017174       0xf4 ./../Libraries/EMlib/debug/libEMLib_efm32_debug.a(em_cmu.o)
 .text.CMU_USBCClkGet
                0x00017268       0x50 ./../Libraries/EMlib/debug/libEMLib_efm32_debug.a(em_cmu.o)
 .text.CMU_AUXClkGet
                0x000172b8       0x9c ./../Libraries/EMlib/debug/libEMLib_efm32_debug.a(em_cmu.o)
 .text.CMU_DBGClkGet
                0x00017354       0x64 ./../Libraries/EMlib/debug/libEMLib_efm32_debug.a(em_cmu.o)
 .text.CMU_LFClkGet
                0x000173b8       0xd4 ./../Libraries/EMlib/debug/libEMLib_efm32_debug.a(em_cmu.o)
 .text.CMU_Sync
                0x0001748c       0x3c ./../Libraries/EMlib/debug/libEMLib_efm32_debug.a(em_cmu.o)
 .text.CMU_ClockDivSet
                0x000174c8      0x298 ./../Libraries/EMlib/debug/libEMLib_efm32_debug.a(em_cmu.o)
                0x000174c8                CMU_ClockDivSet
 .text.CMU_ClockEnable
                0x00017760      0x10c ./../Libraries/EMlib/debug/libEMLib_efm32_debug.a(em_cmu.o)
                0x00017760                CMU_ClockEnable
 .text.CMU_ClockFreqGet
                0x0001786c      0x1e8 ./../Libraries/EMlib/debug/libEMLib_efm32_debug.a(em_cmu.o)
                0x0001786c                CMU_ClockFreqGet
 .text.CMU_ClockSelectGet
                0x00017a54      0x1a4 ./../Libraries/EMlib/debug/libEMLib_efm32_debug.a(em_cmu.o)
                0x00017a54                CMU_ClockSelectGet
 .text.CMU_ClockSelectSet
                0x00017bf8      0x38c ./../Libraries/EMlib/debug/libEMLib_efm32_debug.a(em_cmu.o)
                0x00017bf8                CMU_ClockSelectSet
 .text.CMU_OscillatorEnable
                0x00017f84       0xe8 ./../Libraries/EMlib/debug/libEMLib_efm32_debug.a(em_cmu.o)
                0x00017f84                CMU_OscillatorEnable
 .text.MSC_Init
                0x0001806c      0x108 ./../Libraries/EMlib/debug/libEMLib_efm32_debug.a(em_msc.o)
                0x0001806c                MSC_Init
 .text.MSC_Deinit
                0x00018174       0x30 ./../Libraries/EMlib/debug/libEMLib_efm32_debug.a(em_msc.o)
                0x00018174                MSC_Deinit
 .text.NVIC_DisableIRQ
                0x000181a4       0x3c ./../Libraries/EMlib/debug/libEMLib_efm32_debug.a(em_dma.o)
 .text.BITBAND_Peripheral
                0x000181e0       0x30 ./../Libraries/EMlib/debug/libEMLib_efm32_debug.a(em_dma.o)
 .text.DMA_Prepare
                0x00018210      0x138 ./../Libraries/EMlib/debug/libEMLib_efm32_debug.a(em_dma.o)
 .text.DMA_IRQHandler
                0x00018348      0x110 ./../Libraries/EMlib/debug/libEMLib_efm32_debug.a(em_dma.o)
                0x00018348                DMA_IRQHandler
 .text.DMA_ActivateBasic
                0x00018458       0x48 ./../Libraries/EMlib/debug/libEMLib_efm32_debug.a(em_dma.o)
                0x00018458                DMA_ActivateBasic
 .text.DMA_CfgChannel
                0x000184a0       0xc0 ./../Libraries/EMlib/debug/libEMLib_efm32_debug.a(em_dma.o)
                0x000184a0                DMA_CfgChannel
 .text.DMA_CfgDescr
                0x00018560       0x84 ./../Libraries/EMlib/debug/libEMLib_efm32_debug.a(em_dma.o)
                0x00018560                DMA_CfgDescr
 .text.DMA_Reset
                0x000185e4       0xd4 ./../Libraries/EMlib/debug/libEMLib_efm32_debug.a(em_dma.o)
                0x000185e4                DMA_Reset
 .text.EMU_UpdateOscConfig
                0x000186b8       0x20 ./../Libraries/EMlib/debug/libEMLib_efm32_debug.a(em_emu.o)
                0x000186b8                EMU_UpdateOscConfig
 .text.BITBAND_Peripheral
                0x000186d8       0x30 ./../Libraries/EMlib/debug/libEMLib_efm32_debug.a(em_gpio.o)
 .text.GPIO_DriveModeSet
                0x00018708       0x60 ./../Libraries/EMlib/debug/libEMLib_efm32_debug.a(em_gpio.o)
                0x00018708                GPIO_DriveModeSet
 .text.GPIO_IntConfig
                0x00018768       0xf4 ./../Libraries/EMlib/debug/libEMLib_efm32_debug.a(em_gpio.o)
                0x00018768                GPIO_IntConfig
 .text.GPIO_PinModeSet
                0x0001885c      0x1b8 ./../Libraries/EMlib/debug/libEMLib_efm32_debug.a(em_gpio.o)
                0x0001885c                GPIO_PinModeSet
 .text.BITBAND_Peripheral
                0x00018a14       0x30 ./../Libraries/EMlib/debug/libEMLib_efm32_debug.a(em_i2c.o)
 .text.I2C_BusFreqSet
                0x00018a44       0x94 ./../Libraries/EMlib/debug/libEMLib_efm32_debug.a(em_i2c.o)
                0x00018a44                I2C_BusFreqSet
 .text.I2C_Init
                0x00018ad8       0x84 ./../Libraries/EMlib/debug/libEMLib_efm32_debug.a(em_i2c.o)
                0x00018ad8                I2C_Init
 .text.USART_BaudrateAsyncSet
                0x00018b5c       0xd0 ./../Libraries/EMlib/debug/libEMLib_efm32_debug.a(em_usart.o)
                0x00018b5c                USART_BaudrateAsyncSet
 .text.USART_BaudrateSyncSet
                0x00018c2c       0x7c ./../Libraries/EMlib/debug/libEMLib_efm32_debug.a(em_usart.o)
                0x00018c2c                USART_BaudrateSyncSet
 .text.USART_InitAsync
                0x00018ca8       0xbc ./../Libraries/EMlib/debug/libEMLib_efm32_debug.a(em_usart.o)
                0x00018ca8                USART_InitAsync
 .text.USART_Reset
                0x00018d64       0xd8 ./../Libraries/EMlib/debug/libEMLib_efm32_debug.a(em_usart.o)
                0x00018d64                USART_Reset
 .text.SYSTEM_ChipRevisionGet
                0x00018e3c       0x94 ./../Libraries/EMlib/debug/libEMLib_efm32_debug.a(em_system.o)
                0x00018e3c                SYSTEM_ChipRevisionGet
 .text.NVIC_EnableIRQ
                0x00018ed0       0x38 ./../Libraries/EMlib/debug/libEMLib_efm32_debug.a(em_usbd.o)
 .text.NVIC_ClearPendingIRQ
                0x00018f08       0x3c ./../Libraries/EMlib/debug/libEMLib_efm32_debug.a(em_usbd.o)
 .text.INT_Disable
                0x00018f44       0x40 ./../Libraries/EMlib/debug/libEMLib_efm32_debug.a(em_usbd.o)
 .text.INT_Enable
                0x00018f84       0x54 ./../Libraries/EMlib/debug/libEMLib_efm32_debug.a(em_usbd.o)
 .text.USBHAL_DisableGlobalInt
                0x00018fd8       0x34 ./../Libraries/EMlib/debug/libEMLib_efm32_debug.a(em_usbd.o)
 .text.USBHAL_EnableGlobalInt
                0x0001900c       0x34 ./../Libraries/EMlib/debug/libEMLib_efm32_debug.a(em_usbd.o)
 .text.USBDHAL_EnableUsbResetAndSuspendInt
                0x00019040       0x38 ./../Libraries/EMlib/debug/libEMLib_efm32_debug.a(em_usbd.o)
 .text.USBDHAL_EpIsStalled
                0x00019078       0x3c ./../Libraries/EMlib/debug/libEMLib_efm32_debug.a(em_usbd.o)
 .text.USBDHAL_GetStallStatusEp
                0x000190b4       0xc0 ./../Libraries/EMlib/debug/libEMLib_efm32_debug.a(em_usbd.o)
 .text.USBDHAL_SetEp0InDmaPtr
                0x00019174       0x28 ./../Libraries/EMlib/debug/libEMLib_efm32_debug.a(em_usbd.o)
 .text.USBDHAL_SetEp0OutDmaPtr
                0x0001919c       0x28 ./../Libraries/EMlib/debug/libEMLib_efm32_debug.a(em_usbd.o)
 .text.USBDHAL_StartEp0In
                0x000191c4       0x5c ./../Libraries/EMlib/debug/libEMLib_efm32_debug.a(em_usbd.o)
 .text.USBDHAL_StartEp0Out
                0x00019220       0x5c ./../Libraries/EMlib/debug/libEMLib_efm32_debug.a(em_usbd.o)
 .text.USBDHAL_StartEpIn
                0x0001927c       0xc8 ./../Libraries/EMlib/debug/libEMLib_efm32_debug.a(em_usbd.o)
 .text.USBDHAL_StartEpOut
                0x00019344       0xd4 ./../Libraries/EMlib/debug/libEMLib_efm32_debug.a(em_usbd.o)
 .text.USBD_ArmEp
                0x00019418       0x28 ./../Libraries/EMlib/debug/libEMLib_efm32_debug.a(em_usbd.o)
 .text.USBD_ArmEp0
                0x00019440       0x88 ./../Libraries/EMlib/debug/libEMLib_efm32_debug.a(em_usbd.o)
 .text.USBD_ArmEpN
                0x000194c8       0x28 ./../Libraries/EMlib/debug/libEMLib_efm32_debug.a(em_usbd.o)
 .text.USBD_GetEpFromAddr
                0x000194f0       0xa0 ./../Libraries/EMlib/debug/libEMLib_efm32_debug.a(em_usbd.o)
 .text.USBD_Disconnect
                0x00019590       0x14 ./../Libraries/EMlib/debug/libEMLib_efm32_debug.a(em_usbd.o)
                0x00019590                USBD_Disconnect
 .text.USBD_GetUsbState
                0x000195a4       0x1c ./../Libraries/EMlib/debug/libEMLib_efm32_debug.a(em_usbd.o)
                0x000195a4                USBD_GetUsbState
 .text.USBD_Init
                0x000195c0      0x4fc ./../Libraries/EMlib/debug/libEMLib_efm32_debug.a(em_usbd.o)
                0x000195c0                USBD_Init
 .text.USBD_Read
                0x00019abc      0x108 ./../Libraries/EMlib/debug/libEMLib_efm32_debug.a(em_usbd.o)
                0x00019abc                USBD_Read
 .text.USBD_SetUsbState
                0x00019bc4       0x98 ./../Libraries/EMlib/debug/libEMLib_efm32_debug.a(em_usbd.o)
                0x00019bc4                USBD_SetUsbState
 .text.USBD_Write
                0x00019c5c      0x10c ./../Libraries/EMlib/debug/libEMLib_efm32_debug.a(em_usbd.o)
                0x00019c5c                USBD_Write
 .text.NVIC_ClearPendingIRQ
                0x00019d68       0x3c ./../Libraries/EMlib/debug/libEMLib_efm32_debug.a(em_usbhal.o)
 .text.INT_Disable
                0x00019da4       0x40 ./../Libraries/EMlib/debug/libEMLib_efm32_debug.a(em_usbhal.o)
 .text.INT_Enable
                0x00019de4       0x54 ./../Libraries/EMlib/debug/libEMLib_efm32_debug.a(em_usbhal.o)
 .text.USBHAL_FlushRxFifo
                0x00019e38       0x3c ./../Libraries/EMlib/debug/libEMLib_efm32_debug.a(em_usbhal.o)
 .text.USBHAL_FlushTxFifo
                0x00019e74       0x4c ./../Libraries/EMlib/debug/libEMLib_efm32_debug.a(em_usbhal.o)
 .text.USBDHAL_DeactivateEp
                0x00019ec0       0x88 ./../Libraries/EMlib/debug/libEMLib_efm32_debug.a(em_usbhal.o)
 .text.USBDHAL_GetInEpInts
                0x00019f48       0x44 ./../Libraries/EMlib/debug/libEMLib_efm32_debug.a(em_usbhal.o)
 .text.USBDHAL_GetOutEpInts
                0x00019f8c       0x44 ./../Libraries/EMlib/debug/libEMLib_efm32_debug.a(em_usbhal.o)
 .text.USBDHAL_SetEPDISNAK
                0x00019fd0       0xac ./../Libraries/EMlib/debug/libEMLib_efm32_debug.a(em_usbhal.o)
 .text.USBD_GetEpFromAddr
                0x0001a07c       0xa0 ./../Libraries/EMlib/debug/libEMLib_efm32_debug.a(em_usbhal.o)
 .text.USBHAL_CoreReset
                0x0001a11c       0xbc ./../Libraries/EMlib/debug/libEMLib_efm32_debug.a(em_usbhal.o)
                0x0001a11c                USBHAL_CoreReset
 .text.USBDHAL_CoreInit
                0x0001a1d8      0x3ec ./../Libraries/EMlib/debug/libEMLib_efm32_debug.a(em_usbhal.o)
                0x0001a1d8                USBDHAL_CoreInit
 .text.USBDHAL_Disconnect
                0x0001a5c4       0x3c ./../Libraries/EMlib/debug/libEMLib_efm32_debug.a(em_usbhal.o)
                0x0001a5c4                USBDHAL_Disconnect
 .text.USBDHAL_AbortAllEps
                0x0001a600      0x53c ./../Libraries/EMlib/debug/libEMLib_efm32_debug.a(em_usbhal.o)
                0x0001a600                USBDHAL_AbortAllEps
 .text.USBDHAL_AbortAllTransfers
                0x0001ab3c       0xc8 ./../Libraries/EMlib/debug/libEMLib_efm32_debug.a(em_usbhal.o)
                0x0001ab3c                USBDHAL_AbortAllTransfers
 .text.USBDHAL_ReenableEp0Setup
                0x0001ac04       0x60 ./../Libraries/EMlib/debug/libEMLib_efm32_debug.a(em_usbdep.o)
 .text.USBDHAL_StallEp
                0x0001ac64       0xcc ./../Libraries/EMlib/debug/libEMLib_efm32_debug.a(em_usbdep.o)
 .text.USBDHAL_StartEp0In
                0x0001ad30       0x5c ./../Libraries/EMlib/debug/libEMLib_efm32_debug.a(em_usbdep.o)
 .text.USBDHAL_StartEp0Out
                0x0001ad8c       0x5c ./../Libraries/EMlib/debug/libEMLib_efm32_debug.a(em_usbdep.o)
 .text.USBD_GetEpFromAddr
                0x0001ade8       0xa0 ./../Libraries/EMlib/debug/libEMLib_efm32_debug.a(em_usbdep.o)
 .text.USBD_ReArmEp0
                0x0001ae88       0x64 ./../Libraries/EMlib/debug/libEMLib_efm32_debug.a(em_usbdep.o)
 .text.USBDEP_Ep0Handler
                0x0001aeec      0x300 ./../Libraries/EMlib/debug/libEMLib_efm32_debug.a(em_usbdep.o)
                0x0001aeec                USBDEP_Ep0Handler
 .text.USBDEP_EpHandler
                0x0001b1ec       0x60 ./../Libraries/EMlib/debug/libEMLib_efm32_debug.a(em_usbdep.o)
                0x0001b1ec                USBDEP_EpHandler
 .text.TIMER_CounterGet
                0x0001b24c       0x18 ./../Libraries/EMlib/debug/libEMLib_efm32_debug.a(em_usbtimer.o)
 .text.TIMER_TopSet
                0x0001b264       0x1c ./../Libraries/EMlib/debug/libEMLib_efm32_debug.a(em_usbtimer.o)
 .text.DelayTicks
                0x0001b280       0x4c ./../Libraries/EMlib/debug/libEMLib_efm32_debug.a(em_usbtimer.o)
 .text.USBTIMER_DelayMs
                0x0001b2cc       0x84 ./../Libraries/EMlib/debug/libEMLib_efm32_debug.a(em_usbtimer.o)
                0x0001b2cc                USBTIMER_DelayMs
 .text.USBTIMER_DelayUs
                0x0001b350      0x124 ./../Libraries/EMlib/debug/libEMLib_efm32_debug.a(em_usbtimer.o)
                0x0001b350                USBTIMER_DelayUs
 .text.USBTIMER_Init
                0x0001b474      0x188 ./../Libraries/EMlib/debug/libEMLib_efm32_debug.a(em_usbtimer.o)
                0x0001b474                USBTIMER_Init
 .text.GetProdRev
                0x0001b5fc       0x1c ./../Libraries/EMlib/debug/libEMLib_efm32_debug.a(system_efm32gg.o)
 .text.SystemCoreClockGet
                0x0001b618       0x58 ./../Libraries/EMlib/debug/libEMLib_efm32_debug.a(system_efm32gg.o)
                0x0001b618                SystemCoreClockGet
 .text.SystemHFClockGet
                0x0001b670      0x110 ./../Libraries/EMlib/debug/libEMLib_efm32_debug.a(system_efm32gg.o)
                0x0001b670                SystemHFClockGet
 .text.SystemHFXOClockGet
                0x0001b780       0x18 ./../Libraries/EMlib/debug/libEMLib_efm32_debug.a(system_efm32gg.o)
                0x0001b780                SystemHFXOClockGet
 .text.SystemInit
                0x0001b798        0xc ./../Libraries/EMlib/debug/libEMLib_efm32_debug.a(system_efm32gg.o)
                0x0001b798                SystemInit
 .text.SystemLFRCOClockGet
                0x0001b7a4       0x10 ./../Libraries/EMlib/debug/libEMLib_efm32_debug.a(system_efm32gg.o)
                0x0001b7a4                SystemLFRCOClockGet
 .text.SystemULFRCOClockGet
                0x0001b7b4       0x10 ./../Libraries/EMlib/debug/libEMLib_efm32_debug.a(system_efm32gg.o)
                0x0001b7b4                SystemULFRCOClockGet
 .text.SystemLFXOClockGet
                0x0001b7c4       0x18 ./../Libraries/EMlib/debug/libEMLib_efm32_debug.a(system_efm32gg.o)
                0x0001b7c4                SystemLFXOClockGet
 .text.TIMER_Init
                0x0001b7dc      0x134 ./../Libraries/EMlib/debug/libEMLib_efm32_debug.a(em_timer.o)
                0x0001b7dc                TIMER_Init
 .text.TIMER_InitCC
                0x0001b910       0xec ./../Libraries/EMlib/debug/libEMLib_efm32_debug.a(em_timer.o)
                0x0001b910                TIMER_InitCC
 .text.USBDHAL_ActivateEp
                0x0001b9fc      0x148 ./../Libraries/EMlib/debug/libEMLib_efm32_debug.a(em_usbdch9.o)
 .text.USBDHAL_DeactivateEp
                0x0001bb44       0x88 ./../Libraries/EMlib/debug/libEMLib_efm32_debug.a(em_usbdch9.o)
 .text.USBDHAL_GetStallStatusEp
                0x0001bbcc       0xc0 ./../Libraries/EMlib/debug/libEMLib_efm32_debug.a(em_usbdch9.o)
 .text.USBDHAL_SetAddr
                0x0001bc8c       0x3c ./../Libraries/EMlib/debug/libEMLib_efm32_debug.a(em_usbdch9.o)
 .text.USBDHAL_StallEp
                0x0001bcc8       0xcc ./../Libraries/EMlib/debug/libEMLib_efm32_debug.a(em_usbdch9.o)
 .text.USBDHAL_UnStallEp
                0x0001bd94       0xe4 ./../Libraries/EMlib/debug/libEMLib_efm32_debug.a(em_usbdch9.o)
 .text.USBD_ActivateAllEps
                0x0001be78       0x54 ./../Libraries/EMlib/debug/libEMLib_efm32_debug.a(em_usbdch9.o)
 .text.USBD_DeactivateAllEps
                0x0001becc       0x68 ./../Libraries/EMlib/debug/libEMLib_efm32_debug.a(em_usbdch9.o)
 .text.USBD_GetEpFromAddr
                0x0001bf34       0xa0 ./../Libraries/EMlib/debug/libEMLib_efm32_debug.a(em_usbdch9.o)
 .text.USBDCH9_SetupCmd
                0x0001bfd4       0xec ./../Libraries/EMlib/debug/libEMLib_efm32_debug.a(em_usbdch9.o)
                0x0001bfd4                USBDCH9_SetupCmd
 .text.ClearFeature
                0x0001c0c0       0xcc ./../Libraries/EMlib/debug/libEMLib_efm32_debug.a(em_usbdch9.o)
 .text.GetConfiguration
                0x0001c18c       0xb8 ./../Libraries/EMlib/debug/libEMLib_efm32_debug.a(em_usbdch9.o)
 .text.GetDescriptor
                0x0001c244      0x10c ./../Libraries/EMlib/debug/libEMLib_efm32_debug.a(em_usbdch9.o)
 .text.GetInterface
                0x0001c350       0x94 ./../Libraries/EMlib/debug/libEMLib_efm32_debug.a(em_usbdch9.o)
 .text.GetStatus
                0x0001c3e4      0x1b4 ./../Libraries/EMlib/debug/libEMLib_efm32_debug.a(em_usbdch9.o)
 .text.SetAddress
                0x0001c598       0xb4 ./../Libraries/EMlib/debug/libEMLib_efm32_debug.a(em_usbdch9.o)
 .text.SetConfiguration
                0x0001c64c      0x10c ./../Libraries/EMlib/debug/libEMLib_efm32_debug.a(em_usbdch9.o)
 .text.SetFeature
                0x0001c758      0x100 ./../Libraries/EMlib/debug/libEMLib_efm32_debug.a(em_usbdch9.o)
 .text.SetInterface
                0x0001c858       0x68 ./../Libraries/EMlib/debug/libEMLib_efm32_debug.a(em_usbdch9.o)
 .text.Retcode_Initialize
                0x0001c8c0       0x60 ./../Platform/Essentials/release/libEssentials_efm32.a(Retcode.o)
                0x0001c8c0                Retcode_Initialize
 .text.Retcode_RaiseError
                0x0001c920       0x24 ./../Platform/Essentials/release/libEssentials_efm32.a(Retcode.o)
                0x0001c920                Retcode_RaiseError
 .text.Retcode_RaiseErrorFromIsr
                0x0001c944       0x24 ./../Platform/Essentials/release/libEssentials_efm32.a(Retcode.o)
                0x0001c944                Retcode_RaiseErrorFromIsr
 .text.Retcode_raiseError
                0x0001c968       0x18 ./../Platform/Essentials/release/libEssentials_efm32.a(Retcode.o)
                0x0001c968                Retcode_raiseError
 .text.Retcode_raiseErrorFromIsr
                0x0001c980       0x18 ./../Platform/Essentials/release/libEssentials_efm32.a(Retcode.o)
                0x0001c980                Retcode_raiseErrorFromIsr
 .text.RTC_IntClear
                0x0001c998       0x20 ./../Platform/Essentials/release/libEssentials_efm32.a(Timer.o)
 .text.RTC_IntDisable
                0x0001c9b8       0x30 ./../Platform/Essentials/release/libEssentials_efm32.a(Timer.o)
 .text.RTC_IntGet
                0x0001c9e8       0x18 ./../Platform/Essentials/release/libEssentials_efm32.a(Timer.o)
 .text.TIMER_IntClear
                0x0001ca00       0x1c ./../Platform/Essentials/release/libEssentials_efm32.a(Timer.o)
 .text.TIMER_IntDisable
                0x0001ca1c       0x24 ./../Platform/Essentials/release/libEssentials_efm32.a(Timer.o)
 .text.TIMER_IntGet
                0x0001ca40       0x18 ./../Platform/Essentials/release/libEssentials_efm32.a(Timer.o)
 .text.LETIMER_IntClear
                0x0001ca58       0x1c ./../Platform/Essentials/release/libEssentials_efm32.a(Timer.o)
 .text.LETIMER_IntDisable
                0x0001ca74       0x24 ./../Platform/Essentials/release/libEssentials_efm32.a(Timer.o)
 .text.LETIMER_IntGet
                0x0001ca98       0x18 ./../Platform/Essentials/release/libEssentials_efm32.a(Timer.o)
 .text.MCU_Timer_Initialize
                0x0001cab0       0xe4 ./../Platform/Essentials/release/libEssentials_efm32.a(Timer.o)
                0x0001cab0                MCU_Timer_Initialize
 .text.MCU_Timer_Callback
                0x0001cb94       0x5c ./../Platform/Essentials/release/libEssentials_efm32.a(Timer.o)
                0x0001cb94                MCU_Timer_Callback
 .text.ValidateTimerHandle
                0x0001cbf0       0x40 ./../Platform/Essentials/release/libEssentials_efm32.a(Timer.o)
 .text.getTimerEvent
                0x0001cc30       0xc8 ./../Platform/Essentials/release/libEssentials_efm32.a(Timer.o)
 .text.extractFlags_RTC
                0x0001ccf8       0x9c ./../Platform/Essentials/release/libEssentials_efm32.a(Timer.o)
 .text.extractFlags_LETIMER
                0x0001cd94       0x9c ./../Platform/Essentials/release/libEssentials_efm32.a(Timer.o)
 .text.extractFlags_TIMER
                0x0001ce30       0xd0 ./../Platform/Essentials/release/libEssentials_efm32.a(Timer.o)
 .text.MCU_Timer_GetRtcHandle
                0x0001cf00       0x14 ./../Platform/Essentials/release/libEssentials_efm32.a(Timer.o)
                0x0001cf00                MCU_Timer_GetRtcHandle
 .text.MCU_Timer_HandleRtcIrq
                0x0001cf14       0x14 ./../Platform/Essentials/release/libEssentials_efm32.a(Timer.o)
                0x0001cf14                MCU_Timer_HandleRtcIrq
 .text.CmdProcessor_initialize
                0x0001cf28       0xe0 ./../Platform/Utils/release/libUtils_efm32.a(CmdProcessor.o)
                0x0001cf28                CmdProcessor_initialize
 .text.CmdProcessor_enqueue
                0x0001d008       0x74 ./../Platform/Utils/release/libUtils_efm32.a(CmdProcessor.o)
                0x0001d008                CmdProcessor_enqueue
 .text.run      0x0001d07c       0x14 ./../Platform/Utils/release/libUtils_efm32.a(CmdProcessor.o)
 .text.dequeue  0x0001d090       0x80 ./../Platform/Utils/release/libUtils_efm32.a(CmdProcessor.o)
 .text.NVM_Initialize
                0x0001d110       0x4c ./../Platform/Drivers/release/libDrivers_efm32.a(BCDS_NVM.o)
                0x0001d110                NVM_Initialize
 .text.objectConsistencyCheck
                0x0001d15c       0x58 ./../Platform/Drivers/release/libDrivers_efm32.a(BCDS_NVM.o)
 .text.NVM_Read
                0x0001d1b4       0x7c ./../Platform/Drivers/release/libDrivers_efm32.a(BCDS_NVM.o)
                0x0001d1b4                NVM_Read
 .text.itemConsistencyCheck
                0x0001d230       0x50 ./../Platform/Drivers/release/libDrivers_efm32.a(BCDS_NVM.o)
 .text.NVM_Write
                0x0001d280       0x94 ./../Platform/Drivers/release/libDrivers_efm32.a(BCDS_NVM.o)
                0x0001d280                NVM_Write
 .text.NVM_Flush
                0x0001d314       0x9c ./../Platform/Drivers/release/libDrivers_efm32.a(BCDS_NVM.o)
                0x0001d314                NVM_Flush
 .text.sectionUpdateRequired
                0x0001d3b0       0x8c ./../Platform/Drivers/release/libDrivers_efm32.a(BCDS_NVM.o)
 .text.NVM_ReadUInt8
                0x0001d43c       0x40 ./../Platform/Drivers/release/libDrivers_efm32.a(BCDS_NVM.o)
                0x0001d43c                NVM_ReadUInt8
 .text.NVM_WriteUInt8
                0x0001d47c       0x40 ./../Platform/Drivers/release/libDrivers_efm32.a(BCDS_NVM.o)
                0x0001d47c                NVM_WriteUInt8
 .text.isLittleEndianPlatform
                0x0001d4bc       0x30 ./../Platform/Drivers/release/libDrivers_efm32.a(BCDS_NVM.o)
 .text.NVM_IsEndiannessDifferent
                0x0001d4ec       0x54 ./../Platform/Drivers/release/libDrivers_efm32.a(BCDS_NVM.o)
 .text.NVM_SwapBytes
                0x0001d540       0xc4 ./../Platform/Drivers/release/libDrivers_efm32.a(BCDS_NVM.o)
 .text.NetworkConfig_SlNetAppEvtHdlr
                0x0001d604       0xa0 ./../Platform/Wlan/release/libWlan_efm32.a(NetworkConfig.o)
                0x0001d604                NetworkConfig_SlNetAppEvtHdlr
 .text.NetworkConfig_GetIpStatus
                0x0001d6a4       0x18 ./../Platform/Wlan/release/libWlan_efm32.a(NetworkConfig.o)
                0x0001d6a4                NetworkConfig_GetIpStatus
 .text.NetworkConfig_SetIpStatus
                0x0001d6bc       0x20 ./../Platform/Wlan/release/libWlan_efm32.a(NetworkConfig.o)
                0x0001d6bc                NetworkConfig_SetIpStatus
 .text.NetworkConfig_SetIpDhcp
                0x0001d6dc       0xac ./../Platform/Wlan/release/libWlan_efm32.a(NetworkConfig.o)
                0x0001d6dc                NetworkConfig_SetIpDhcp
 .text.connectNonBlockingCall
                0x0001d788      0x184 ./../Platform/Wlan/release/libWlan_efm32.a(WlanConnect.o)
 .text.connectBlockingCall
                0x0001d90c       0xb8 ./../Platform/Wlan/release/libWlan_efm32.a(WlanConnect.o)
 .text.WlanConnect_SlGeneralEventHdlr
                0x0001d9c4       0xa8 ./../Platform/Wlan/release/libWlan_efm32.a(WlanConnect.o)
                0x0001d9c4                WlanConnect_SlGeneralEventHdlr
 .text.WlanConnect_SLWlanEventHdlr
                0x0001da6c       0x5c ./../Platform/Wlan/release/libWlan_efm32.a(WlanConnect.o)
                0x0001da6c                WlanConnect_SLWlanEventHdlr
 .text.WlanConnect_GetInitStatus
                0x0001dac8       0x18 ./../Platform/Wlan/release/libWlan_efm32.a(WlanConnect.o)
                0x0001dac8                WlanConnect_GetInitStatus
 .text.WlanConnect_Init
                0x0001dae0       0xd0 ./../Platform/Wlan/release/libWlan_efm32.a(WlanConnect.o)
                0x0001dae0                WlanConnect_Init
 .text.NonBlockingTimer
                0x0001dbb0       0xa0 ./../Platform/Wlan/release/libWlan_efm32.a(WlanConnect.o)
 .text.WlanConnect_WPA
                0x0001dc50       0xc4 ./../Platform/Wlan/release/libWlan_efm32.a(WlanConnect.o)
                0x0001dc50                WlanConnect_WPA
 .text.OsTime2Tick
                0x0001dd14       0x44 ./../Platform/Wlan/release/libWlan_efm32.a(WlanDriver.o)
 .text.spiEventsCallbackFunc
                0x0001dd58       0xd8 ./../Platform/Wlan/release/libWlan_efm32.a(WlanDriver.o)
 .text.CreateSpawnQAndTask
                0x0001de30       0x98 ./../Platform/Wlan/release/libWlan_efm32.a(WlanDriver.o)
 .text.WifiInterruptCallback
                0x0001dec8       0x24 ./../Platform/Wlan/release/libWlan_efm32.a(WlanDriver.o)
 .text.WlanDriver_Init
                0x0001deec       0xa8 ./../Platform/Wlan/release/libWlan_efm32.a(WlanDriver.o)
                0x0001deec                WlanDriver_Init
 .text.WlanDriver_RegInterruptHdlr
                0x0001df94       0x34 ./../Platform/Wlan/release/libWlan_efm32.a(WlanDriver.o)
                0x0001df94                WlanDriver_RegInterruptHdlr
 .text.WlanDriver_SlHttpServerCb
                0x0001dfc8       0x14 ./../Platform/Wlan/release/libWlan_efm32.a(WlanDriver.o)
                0x0001dfc8                WlanDriver_SlHttpServerCb
 .text.WlanDriver_DeviceDisable
                0x0001dfdc       0x10 ./../Platform/Wlan/release/libWlan_efm32.a(WlanDriver.o)
                0x0001dfdc                WlanDriver_DeviceDisable
 .text.WlanDriver_DeviceEnable
                0x0001dfec       0x18 ./../Platform/Wlan/release/libWlan_efm32.a(WlanDriver.o)
                0x0001dfec                WlanDriver_DeviceEnable
 .text.WlanDriver_SpiClose
                0x0001e004       0x38 ./../Platform/Wlan/release/libWlan_efm32.a(WlanDriver.o)
                0x0001e004                WlanDriver_SpiClose
 .text.WlanDriver_SpiOpen
                0x0001e03c       0x54 ./../Platform/Wlan/release/libWlan_efm32.a(WlanDriver.o)
                0x0001e03c                WlanDriver_SpiOpen
 .text.WlanDriver_SpiWrite
                0x0001e090       0x9c ./../Platform/Wlan/release/libWlan_efm32.a(WlanDriver.o)
                0x0001e090                WlanDriver_SpiWrite
 .text.WlanDriver_SpiRead
                0x0001e12c       0x9c ./../Platform/Wlan/release/libWlan_efm32.a(WlanDriver.o)
                0x0001e12c                WlanDriver_SpiRead
 .text.WlanDriver_OsSyncObjectCreate
                0x0001e1c8       0x3c ./../Platform/Wlan/release/libWlan_efm32.a(WlanDriver.o)
                0x0001e1c8                WlanDriver_OsSyncObjectCreate
 .text.WlanDriver_OsSyncObjectDelete
                0x0001e204       0x30 ./../Platform/Wlan/release/libWlan_efm32.a(WlanDriver.o)
                0x0001e204                WlanDriver_OsSyncObjectDelete
 .text.WlanDriver_OsSyncObjectSignal
                0x0001e234       0x3c ./../Platform/Wlan/release/libWlan_efm32.a(WlanDriver.o)
                0x0001e234                WlanDriver_OsSyncObjectSignal
 .text.WlanDriver_OsSyncSignalFromISR
                0x0001e270       0x54 ./../Platform/Wlan/release/libWlan_efm32.a(WlanDriver.o)
                0x0001e270                WlanDriver_OsSyncSignalFromISR
 .text.WlanDriver_OsSyncObjectWait
                0x0001e2c4       0x4c ./../Platform/Wlan/release/libWlan_efm32.a(WlanDriver.o)
                0x0001e2c4                WlanDriver_OsSyncObjectWait
 .text.WlanDriver_OsLockObjectCreate
                0x0001e310       0x34 ./../Platform/Wlan/release/libWlan_efm32.a(WlanDriver.o)
                0x0001e310                WlanDriver_OsLockObjectCreate
 .text.WlanDriver_OsLockObjectDelete
                0x0001e344       0x2c ./../Platform/Wlan/release/libWlan_efm32.a(WlanDriver.o)
                0x0001e344                WlanDriver_OsLockObjectDelete
 .text.WlanDriver_OsLockObjectWait
                0x0001e370       0x4c ./../Platform/Wlan/release/libWlan_efm32.a(WlanDriver.o)
                0x0001e370                WlanDriver_OsLockObjectWait
 .text.WlanDriver_OsLockUnlock
                0x0001e3bc       0x44 ./../Platform/Wlan/release/libWlan_efm32.a(WlanDriver.o)
                0x0001e3bc                WlanDriver_OsLockUnlock
 .text.WlanDriver_SimpleLinkSpawnTask
                0x0001e400       0x60 ./../Platform/Wlan/release/libWlan_efm32.a(WlanDriver.o)
                0x0001e400                WlanDriver_SimpleLinkSpawnTask
 .text.WlanDriver_OsiSpawn
                0x0001e460       0xa4 ./../Platform/Wlan/release/libWlan_efm32.a(WlanDriver.o)
                0x0001e460                WlanDriver_OsiSpawn
 .text.BlePeripheral_SetMacAddress
                0x0001e504       0x40 ./../Platform/BLE/release/libBLE_efm32.a(BlePeripheral.o)
                0x0001e504                BlePeripheral_SetMacAddress
 .text.PAL_exceptionHandlingCallback
                0x0001e544       0x2c ./../Platform/ServalPAL_WiFi/release/libServalPalWifi_efm32.a(PAL_initialize_cc.o)
 .text.PAL_securityInitialize
                0x0001e570       0x20 ./../Platform/ServalPAL_WiFi/release/libServalPalWifi_efm32.a(PAL_initialize_cc.o)
 .text.PAL_initialize
                0x0001e590       0xe4 ./../Platform/ServalPAL_WiFi/release/libServalPalWifi_efm32.a(PAL_initialize_cc.o)
                0x0001e590                PAL_initialize
 .text.Ip_convertAddrToString
                0x0001e674       0x4c ./../Platform/ServalPAL_WiFi/release/libServalPalWifi_efm32.a(PAL_ip_cc.o)
                0x0001e674                Ip_convertAddrToString
 .text.Ip_convertOctetsToAddr
                0x0001e6c0       0x50 ./../Platform/ServalPAL_WiFi/release/libServalPalWifi_efm32.a(PAL_ip_cc.o)
                0x0001e6c0                Ip_convertOctetsToAddr
 .text.Ip_convertIntToPort
                0x0001e710       0x20 ./../Platform/ServalPAL_WiFi/release/libServalPalWifi_efm32.a(PAL_ip_cc.o)
                0x0001e710                Ip_convertIntToPort
 .text.Ip_convertPortToInt
                0x0001e730       0x20 ./../Platform/ServalPAL_WiFi/release/libServalPalWifi_efm32.a(PAL_ip_cc.o)
                0x0001e730                Ip_convertPortToInt
 .text.Ip_compareAddr
                0x0001e750       0x28 ./../Platform/ServalPAL_WiFi/release/libServalPalWifi_efm32.a(PAL_ip_cc.o)
                0x0001e750                Ip_compareAddr
 .text.Basics_htonl
                0x0001e778       0x1c ./../Platform/ServalPAL_WiFi/release/libServalPalWifi_efm32.a(PAL_ip_cc.o)
                0x0001e778                Basics_htonl
 .text.LogXDK   0x0001e794       0x78 ./../Platform/ServalPAL_WiFi/release/libServalPalWifi_efm32.a(PAL_logAppender_cc.o)
                0x0001e794                LogXDK
 .text.appender_write
                0x0001e80c       0x24 ./../Platform/ServalPAL_WiFi/release/libServalPalWifi_efm32.a(PAL_logAppender_cc.o)
 .text.appender_writeLen
                0x0001e830       0x1c ./../Platform/ServalPAL_WiFi/release/libServalPalWifi_efm32.a(PAL_logAppender_cc.o)
 .text.xdkLogAppenders_loadUSBAppender
                0x0001e84c       0x38 ./../Platform/ServalPAL_WiFi/release/libServalPalWifi_efm32.a(PAL_logAppender_cc.o)
                0x0001e84c                xdkLogAppenders_loadUSBAppender
 .text.Callable_isAssigned
                0x0001e884       0x34 ./../Platform/ServalPAL_WiFi/release/libServalPalWifi_efm32.a(PAL_scheduler_cc.o)
 .text.PAL_schedulerInitialize
                0x0001e8b8       0x90 ./../Platform/ServalPAL_WiFi/release/libServalPalWifi_efm32.a(PAL_scheduler_cc.o)
                0x0001e8b8                PAL_schedulerInitialize
 .text.Scheduler_enqueue
                0x0001e948       0x58 ./../Platform/ServalPAL_WiFi/release/libServalPalWifi_efm32.a(PAL_scheduler_cc.o)
                0x0001e948                Scheduler_enqueue
 .text.PAL_schedulerDequeue
                0x0001e9a0       0x90 ./../Platform/ServalPAL_WiFi/release/libServalPalWifi_efm32.a(PAL_scheduler_cc.o)
                0x0001e9a0                PAL_schedulerDequeue
 .text.PAL_schedulerDenqueueTask
                0x0001ea30       0x64 ./../Platform/ServalPAL_WiFi/release/libServalPalWifi_efm32.a(PAL_scheduler_cc.o)
 .text.Callable_assign
                0x0001ea94       0x20 ./../Platform/ServalPAL_WiFi/release/libServalPalWifi_efm32.a(PAL_socketMonitor_cc.o)
 .text.Callable_isAssigned
                0x0001eab4       0x34 ./../Platform/ServalPAL_WiFi/release/libServalPalWifi_efm32.a(PAL_socketMonitor_cc.o)
 .text.CheckedCallableCall
                0x0001eae8       0x2c ./../Platform/ServalPAL_WiFi/release/libServalPalWifi_efm32.a(PAL_socketMonitor_cc.o)
 .text.PAL_prepareSelect
                0x0001eb14      0x184 ./../Platform/ServalPAL_WiFi/release/libServalPalWifi_efm32.a(PAL_socketMonitor_cc.o)
                0x0001eb14                PAL_prepareSelect
 .text.PAL_Tcp_HalfClosed2Closed
                0x0001ec98       0x5c ./../Platform/ServalPAL_WiFi/release/libServalPalWifi_efm32.a(PAL_socketMonitor_cc.o)
                0x0001ec98                PAL_Tcp_HalfClosed2Closed
 .text.PAL_socketMonitoring
                0x0001ecf4      0x540 ./../Platform/ServalPAL_WiFi/release/libServalPalWifi_efm32.a(PAL_socketMonitor_cc.o)
 .text.PAL_getSocketIndex
                0x0001f234       0x64 ./../Platform/ServalPAL_WiFi/release/libServalPalWifi_efm32.a(PAL_socketMonitor_cc.o)
 .text.PAL_Tcp_isValidSocket
                0x0001f298       0x24 ./../Platform/ServalPAL_WiFi/release/libServalPalWifi_efm32.a(PAL_socketMonitor_cc.o)
                0x0001f298                PAL_Tcp_isValidSocket
 .text.PAL_Tcp_isSocketInPool
                0x0001f2bc       0xa8 ./../Platform/ServalPAL_WiFi/release/libServalPalWifi_efm32.a(PAL_socketMonitor_cc.o)
                0x0001f2bc                PAL_Tcp_isSocketInPool
 .text.PAL_getInvalidTCPSocket
                0x0001f364       0x10 ./../Platform/ServalPAL_WiFi/release/libServalPalWifi_efm32.a(PAL_socketMonitor_cc.o)
                0x0001f364                PAL_getInvalidTCPSocket
 .text.PAL_socketMonitorInit
                0x0001f374      0x218 ./../Platform/ServalPAL_WiFi/release/libServalPalWifi_efm32.a(PAL_socketMonitor_cc.o)
                0x0001f374                PAL_socketMonitorInit
 .text.PAL_SocketMonitorEnqueue
                0x0001f58c       0x54 ./../Platform/ServalPAL_WiFi/release/libServalPalWifi_efm32.a(PAL_socketMonitor_cc.o)
                0x0001f58c                PAL_SocketMonitorEnqueue
 .text.PAL_queueCallBackEnQueue
                0x0001f5e0       0x5c ./../Platform/ServalPAL_WiFi/release/libServalPalWifi_efm32.a(PAL_socketMonitor_cc.o)
                0x0001f5e0                PAL_queueCallBackEnQueue
 .text.PAL_socketMonitorMapping
                0x0001f63c      0x36c ./../Platform/ServalPAL_WiFi/release/libServalPalWifi_efm32.a(PAL_socketMonitor_cc.o)
                0x0001f63c                PAL_socketMonitorMapping
 .text.PAL_socketMonitorDelete
                0x0001f9a8      0x244 ./../Platform/ServalPAL_WiFi/release/libServalPalWifi_efm32.a(PAL_socketMonitor_cc.o)
                0x0001f9a8                PAL_socketMonitorDelete
 .text.PAL_getfreePort
                0x0001fbec       0x98 ./../Platform/ServalPAL_WiFi/release/libServalPalWifi_efm32.a(PAL_socketMonitor_cc.o)
                0x0001fbec                PAL_getfreePort
 .text.Callable_assign
                0x0001fc84       0x20 ./../Platform/ServalPAL_WiFi/release/libServalPalWifi_efm32.a(HttpClient.o)
 .text.Msg_setProtocol
                0x0001fca4       0x1c ./../Platform/ServalPAL_WiFi/release/libServalPalWifi_efm32.a(HttpClient.o)
 .text.Msg_getTcpMsg
                0x0001fcc0       0x18 ./../Platform/ServalPAL_WiFi/release/libServalPalWifi_efm32.a(HttpClient.o)
 .text.TcpMsg_open
                0x0001fcd8       0x24 ./../Platform/ServalPAL_WiFi/release/libServalPalWifi_efm32.a(HttpClient.o)
 .text.TcpMsg_getFactory
                0x0001fcfc       0x20 ./../Platform/ServalPAL_WiFi/release/libServalPalWifi_efm32.a(HttpClient.o)
 .text.Msg_getHttpMsg
                0x0001fd1c       0x18 ./../Platform/ServalPAL_WiFi/release/libServalPalWifi_efm32.a(HttpClient.o)
 .text.HttpMsg_callUpperLayer
                0x0001fd34       0x28 ./../Platform/ServalPAL_WiFi/release/libServalPalWifi_efm32.a(HttpClient.o)
 .text.HttpMsg_setUpperLayerCallback
                0x0001fd5c       0x20 ./../Platform/ServalPAL_WiFi/release/libServalPalWifi_efm32.a(HttpClient.o)
 .text.ExceptionInCallback
                0x0001fd7c       0x20 ./../Platform/ServalPAL_WiFi/release/libServalPalWifi_efm32.a(HttpClient.o)
 .text.ExceptionHandling_notifyNonOK
                0x0001fd9c       0x2c ./../Platform/ServalPAL_WiFi/release/libServalPalWifi_efm32.a(HttpClient.o)
 .text.ExceptionHandling_maskErrorCode
                0x0001fdc8       0x24 ./../Platform/ServalPAL_WiFi/release/libServalPalWifi_efm32.a(HttpClient.o)
 .text.ExceptionHandling_maskNonOK
                0x0001fdec       0x34 ./../Platform/ServalPAL_WiFi/release/libServalPalWifi_efm32.a(HttpClient.o)
 .text.HttpSession_getCurrentMsg
                0x0001fe20       0x18 ./../Platform/ServalPAL_WiFi/release/libServalPalWifi_efm32.a(HttpClient.o)
 .text.HttpSessionMonitor_ResetGarbageCounter
                0x0001fe38       0x1c ./../Platform/ServalPAL_WiFi/release/libServalPalWifi_efm32.a(HttpClient.o)
 .text.HttpClient_initialize
                0x0001fe54       0x84 ./../Platform/ServalPAL_WiFi/release/libServalPalWifi_efm32.a(HttpClient.o)
                0x0001fe54                HttpClient_initialize
 .text.findExistingHttpSession
                0x0001fed8       0xbc ./../Platform/ServalPAL_WiFi/release/libServalPalWifi_efm32.a(HttpClient.o)
 .text.openTcpConnection
                0x0001ff94       0x54 ./../Platform/ServalPAL_WiFi/release/libServalPalWifi_efm32.a(HttpClient.o)
 .text.HttpClient_initRequest
                0x0001ffe8      0x174 ./../Platform/ServalPAL_WiFi/release/libServalPalWifi_efm32.a(HttpClient.o)
                0x0001ffe8                HttpClient_initRequest
 .text.HttpClient_pushRequest
                0x0002015c      0x12c ./../Platform/ServalPAL_WiFi/release/libServalPalWifi_efm32.a(HttpClient.o)
                0x0002015c                HttpClient_pushRequest
 .text.HttpClient_handleData
                0x00020288      0x12c ./../Platform/ServalPAL_WiFi/release/libServalPalWifi_efm32.a(HttpClient.o)
 .text.doSend   0x000203b4       0x44 ./../Platform/ServalPAL_WiFi/release/libServalPalWifi_efm32.a(HttpClient.o)
 .text.doReceive
                0x000203f8      0x24c ./../Platform/ServalPAL_WiFi/release/libServalPalWifi_efm32.a(HttpClient.o)
 .text.callback
                0x00020644       0x98 ./../Platform/ServalPAL_WiFi/release/libServalPalWifi_efm32.a(HttpClient.o)
 .text.HttpClient_headerFactoryFunc
                0x000206dc       0x24 ./../Platform/ServalPAL_WiFi/release/libServalPalWifi_efm32.a(HttpClient.o)
                0x000206dc                HttpClient_headerFactoryFunc
 .text.HttpClient_requestSleep
                0x00020700       0x8c ./../Platform/ServalPAL_WiFi/release/libServalPalWifi_efm32.a(HttpClient.o)
 .text.ExceptionHandling_maskErrorCode
                0x0002078c       0x24 ./../Platform/ServalPAL_WiFi/release/libServalPalWifi_efm32.a(HttpReceiver.o)
 .text.HttpReceiver_addCommBuf
                0x000207b0       0x9c ./../Platform/ServalPAL_WiFi/release/libServalPalWifi_efm32.a(HttpReceiver.o)
                0x000207b0                HttpReceiver_addCommBuf
 .text.parse    0x0002084c      0x1f4 ./../Platform/ServalPAL_WiFi/release/libServalPalWifi_efm32.a(HttpReceiver.o)
 .text.readHexVal
                0x00020a40      0x194 ./../Platform/ServalPAL_WiFi/release/libServalPalWifi_efm32.a(HttpChunkedReceiver.o)
 .text.parseAdditionalHeader
                0x00020bd4      0x134 ./../Platform/ServalPAL_WiFi/release/libServalPalWifi_efm32.a(HttpChunkedReceiver.o)
 .text.HttpChunkedReceiver_parse
                0x00020d08      0x1fc ./../Platform/ServalPAL_WiFi/release/libServalPalWifi_efm32.a(HttpChunkedReceiver.o)
                0x00020d08                HttpChunkedReceiver_parse
 .text.OutMsgFactory_resetToPreviousChunk
                0x00020f04       0x2c ./../Platform/ServalPAL_WiFi/release/libServalPalWifi_efm32.a(HttpUtil.o)
 .text.Msg_getHttpMsg
                0x00020f30       0x18 ./../Platform/ServalPAL_WiFi/release/libServalPalWifi_efm32.a(HttpUtil.o)
 .text.Http_userHeaderFactoryFunc
                0x00020f48       0x6c ./../Platform/ServalPAL_WiFi/release/libServalPalWifi_efm32.a(HttpUtil.o)
                0x00020f48                Http_userHeaderFactoryFunc
 .text.HttpUtil_chunkSerializer
                0x00020fb4      0x1a4 ./../Platform/ServalPAL_WiFi/release/libServalPalWifi_efm32.a(HttpUtil.o)
                0x00020fb4                HttpUtil_chunkSerializer
 .text.Defragmentor_prepare
                0x00021158       0x74 ./../Platform/ServalPAL_WiFi/release/libServalPalWifi_efm32.a(Defragmentor.o)
                0x00021158                Defragmentor_prepare
 .text.Defragmentor_merge
                0x000211cc       0xa0 ./../Platform/ServalPAL_WiFi/release/libServalPalWifi_efm32.a(Defragmentor.o)
                0x000211cc                Defragmentor_merge
 .text.Msg_getHttpMsg
                0x0002126c       0x18 ./../Platform/ServalPAL_WiFi/release/libServalPalWifi_efm32.a(DynamicFunc.o)
 .text.updateHandover
                0x00021284       0x34 ./../Platform/ServalPAL_WiFi/release/libServalPalWifi_efm32.a(DynamicFunc.o)
 .text.serializeBytes
                0x000212b8       0x44 ./../Platform/ServalPAL_WiFi/release/libServalPalWifi_efm32.a(DynamicFunc.o)
 .text.serializeString
                0x000212fc       0x38 ./../Platform/ServalPAL_WiFi/release/libServalPalWifi_efm32.a(DynamicFunc.o)
 .text.Http_getMethod
                0x00021334       0x2c ./../Platform/ServalPAL_WiFi/release/libServalPalWifi_efm32.a(DynamicFunc.o)
                0x00021334                Http_getMethod
 .text.Http_getTransferEncoding
                0x00021360       0x50 ./../Platform/ServalPAL_WiFi/release/libServalPalWifi_efm32.a(DynamicFunc.o)
                0x00021360                Http_getTransferEncoding
 .text.Http_getStatusCode
                0x000213b0       0x4c ./../Platform/ServalPAL_WiFi/release/libServalPalWifi_efm32.a(DynamicFunc.o)
                0x000213b0                Http_getStatusCode
 .text.Http_getStatusPhrase
                0x000213fc       0x20 ./../Platform/ServalPAL_WiFi/release/libServalPalWifi_efm32.a(DynamicFunc.o)
                0x000213fc                Http_getStatusPhrase
 .text.Http_getConnectionType
                0x0002141c       0x4c ./../Platform/ServalPAL_WiFi/release/libServalPalWifi_efm32.a(DynamicFunc.o)
                0x0002141c                Http_getConnectionType
 .text.Http_getContentType